calculating distances with threshold...
n_species=12
t rust=0.919190
pp rust: <COO: shape=(800, 800, 800, 800), dtype=float64, nnz=31225744, fill_value=0.0>
t rust_python=0.085038
pp rust_python: [[[ 6.96677912  8.02807957  9.1032952  ...  6.5019522   5.49918176
    4.10652363]
  [ 9.14054261 10.8107915  12.1928162  ...  7.66289598  6.44791986
    4.88283051]
  [10.61109306 12.66970265 14.18201785 ...  9.25580066  7.77994318
    6.19793958]
  ...
  [ 7.75258359  9.69963179 11.96550656 ... 13.7598985  11.37686655
    8.96832497]
  [ 6.39947911  7.98806428  9.76103818 ... 11.06882855  8.99648548
    7.2464349 ]
  [ 5.20592033  6.55318011  8.02728803 ...  8.96266238  7.07128977
    5.74954764]]

 [[ 5.72515451  7.7691562   9.67126947 ...  9.28518393  8.54424859
    6.9249837 ]
  [ 7.22889751  9.90355308 12.24946499 ... 10.97807393  9.84191729
    7.70385431]
  [ 8.95073192 12.2399192  15.13100591 ... 14.42631562 12.62691801
    9.89918295]
  ...
  [ 8.36650257 10.90712659 12.25718063 ... 16.92746587 13.46007871
   10.59939729]
  [ 7.07216154  9.48307795 10.50422619 ... 15.09499144 11.95345011
    9.54887599]
  [ 5.40679464  7.11404827  7.62625071 ... 12.13417013  9.69566829
    7.82662134]]

 [[ 2.89176665  3.52697006  3.65315875 ...  2.92081996  2.51708698
    2.2489157 ]
  [ 3.85247624  4.45462879  4.80700377 ...  3.98422427  3.52953848
    2.95791206]
  [ 3.99743587  4.95806549  5.40395109 ...  5.0047143   4.59236487
    3.74389784]
  ...
  [ 3.0599517   4.39655849  5.56037683 ...  7.52768111  6.32621933
    4.62405952]
  [ 2.80809478  4.01520362  4.74343526 ...  6.46456838  5.58386198
    4.17924148]
  [ 2.23492069  3.18270087  3.55292207 ...  5.08195727  4.2263674
    3.53108929]]

 ...

 [[ 5.60616274  7.1095378   8.50650842 ... 11.25917116  9.35372033
    6.9400461 ]
  [ 6.82445676  8.66828392 10.24622404 ... 14.63908392 12.15234575
    8.96458487]
  [ 8.15022347 10.42081264 12.38099506 ... 17.75197476 14.60418782
   10.81393628]
  ...
  [ 8.02585567 10.687589   12.91160134 ... 14.40898527 11.71110583
    8.83960321]
  [ 6.9628591   9.34523295 10.91773526 ... 11.76070304  9.52452025
    7.18695689]
  [ 5.38793201  7.26582038  8.20040708 ...  9.02029403  7.48666831
    5.82408779]]

 [[ 5.15769382  6.74526785  9.04101126 ...  8.97643634  7.9835598
    6.49654149]
  [ 6.76694741  8.92512519 11.94297698 ... 12.48606664 10.84782267
    9.09199437]
  [ 8.54810868 11.05373785 14.51491258 ... 14.38669487 12.46503879
   10.38196008]
  ...
  [10.92770672 13.64124031 16.44965652 ... 15.59872061 12.89006747
    9.96097554]
  [ 9.91196971 12.35603965 14.83529996 ... 13.00693119 10.97314023
    8.58340765]
  [ 8.02215173 10.18092577 11.98658267 ... 11.33470316  9.65940188
    7.475927  ]]

 [[ 7.3010671   9.3967725  11.13288957 ... 11.65941052 10.02698592
    8.90927074]
  [ 9.60203811 12.11770066 14.42875607 ... 13.23509157 11.4888297
    9.83098964]
  [10.71697401 13.65648337 16.48460557 ... 15.15461865 13.30592414
   11.48943135]
  ...
  [10.80058718 13.62614174 15.79512796 ... 13.81556116 11.22792797
    9.40791093]
  [ 8.80837458 11.27894342 13.36218839 ... 11.50261423  9.59077388
    8.26891605]
  [ 6.94585107  8.89170127 10.57047371 ...  8.00250138  6.62441896
    5.66777303]]]
t rust_parallel=0.014392
pp rust_parallel: [[[ 6.96677912  8.02807957  9.1032952  ...  6.5019522   5.49918176
    4.10652363]
  [ 9.14054261 10.8107915  12.1928162  ...  7.66289598  6.44791986
    4.88283051]
  [10.61109306 12.66970265 14.18201785 ...  9.25580066  7.77994318
    6.19793958]
  ...
  [ 7.75258359  9.69963179 11.96550656 ... 13.7598985  11.37686655
    8.96832497]
  [ 6.39947911  7.98806428  9.76103818 ... 11.06882855  8.99648548
    7.2464349 ]
  [ 5.20592033  6.55318011  8.02728803 ...  8.96266238  7.07128977
    5.74954764]]

 [[ 5.72515451  7.7691562   9.67126947 ...  9.28518393  8.54424859
    6.9249837 ]
  [ 7.22889751  9.90355308 12.24946499 ... 10.97807393  9.84191729
    7.70385431]
  [ 8.95073192 12.2399192  15.13100591 ... 14.42631562 12.62691801
    9.89918295]
  ...
  [ 8.36650257 10.90712659 12.25718063 ... 16.92746587 13.46007871
   10.59939729]
  [ 7.07216154  9.48307795 10.50422619 ... 15.09499144 11.95345011
    9.54887599]
  [ 5.40679464  7.11404827  7.62625071 ... 12.13417013  9.69566829
    7.82662134]]

 [[ 2.89176665  3.52697006  3.65315875 ...  2.92081996  2.51708698
    2.2489157 ]
  [ 3.85247624  4.45462879  4.80700377 ...  3.98422427  3.52953848
    2.95791206]
  [ 3.99743587  4.95806549  5.40395109 ...  5.0047143   4.59236487
    3.74389784]
  ...
  [ 3.0599517   4.39655849  5.56037683 ...  7.52768111  6.32621933
    4.62405952]
  [ 2.80809478  4.01520362  4.74343526 ...  6.46456838  5.58386198
    4.17924148]
  [ 2.23492069  3.18270087  3.55292207 ...  5.08195727  4.2263674
    3.53108929]]

 ...

 [[ 5.60616274  7.1095378   8.50650842 ... 11.25917116  9.35372033
    6.9400461 ]
  [ 6.82445676  8.66828392 10.24622404 ... 14.63908392 12.15234575
    8.96458487]
  [ 8.15022347 10.42081264 12.38099506 ... 17.75197476 14.60418782
   10.81393628]
  ...
  [ 8.02585567 10.687589   12.91160134 ... 14.40898527 11.71110583
    8.83960321]
  [ 6.9628591   9.34523295 10.91773526 ... 11.76070304  9.52452025
    7.18695689]
  [ 5.38793201  7.26582038  8.20040708 ...  9.02029403  7.48666831
    5.82408779]]

 [[ 5.15769382  6.74526785  9.04101126 ...  8.97643634  7.9835598
    6.49654149]
  [ 6.76694741  8.92512519 11.94297698 ... 12.48606664 10.84782267
    9.09199437]
  [ 8.54810868 11.05373785 14.51491258 ... 14.38669487 12.46503879
   10.38196008]
  ...
  [10.92770672 13.64124031 16.44965652 ... 15.59872061 12.89006747
    9.96097554]
  [ 9.91196971 12.35603965 14.83529996 ... 13.00693119 10.97314023
    8.58340765]
  [ 8.02215173 10.18092577 11.98658267 ... 11.33470316  9.65940188
    7.475927  ]]

 [[ 7.3010671   9.3967725  11.13288957 ... 11.65941052 10.02698592
    8.90927074]
  [ 9.60203811 12.11770066 14.42875607 ... 13.23509157 11.4888297
    9.83098964]
  [10.71697401 13.65648337 16.48460557 ... 15.15461865 13.30592414
   11.48943135]
  ...
  [10.80058718 13.62614174 15.79512796 ... 13.81556116 11.22792797
    9.40791093]
  [ 8.80837458 11.27894342 13.36218839 ... 11.50261423  9.59077388
    8.26891605]
  [ 6.94585107  8.89170127 10.57047371 ...  8.00250138  6.62441896
    5.66777303]]]
rust_python == rust_parallel:  [[[ True  True  True ...  True  True  True]
  [ True  True  True ...  True  True  True]
  [ True  True  True ...  True  True  True]
  ...
  [ True  True  True ...  True  True  True]
  [ True  True  True ...  True  True  True]
  [ True  True  True ...  True  True  True]]

 [[ True  True  True ...  True  True  True]
  [ True  True  True ...  True  True  True]
  [ True  True  True ...  True  True  True]
  ...
  [ True  True  True ...  True  True  True]
  [ True  True  True ...  True  True  True]
  [ True  True  True ...  True  True  True]]

 [[ True  True  True ...  True  True  True]
  [ True  True  True ...  True  True  True]
  [ True  True  True ...  True  True  True]
  ...
  [ True  True  True ...  True  True  True]
  [ True  True  True ...  True  True  True]
  [ True  True  True ...  True  True  True]]

 ...

 [[ True  True  True ...  True  True  True]
  [ True  True  True ...  True  True  True]
  [ True  True  True ...  True  True  True]
  ...
  [ True  True  True ...  True  True  True]
  [ True  True  True ...  True  True  True]
  [ True  True  True ...  True  True  True]]

 [[ True  True  True ...  True  True  True]
  [ True  True  True ...  True  True  True]
  [ True  True  True ...  True  True  True]
  ...
  [ True  True  True ...  True  True  True]
  [ True  True  True ...  True  True  True]
  [ True  True  True ...  True  True  True]]

 [[ True  True  True ...  True  True  True]
  [ True  True  True ...  True  True  True]
  [ True  True  True ...  True  True  True]
  ...
  [ True  True  True ...  True  True  True]
  [ True  True  True ...  True  True  True]
  [ True  True  True ...  True  True  True]]]
t einsum=39.536094
pp einsum: [[[ 6.96677912  8.02807957  9.1032952  ...  6.5019522   5.49918176
    4.10652363]
  [ 9.14054261 10.8107915  12.1928162  ...  7.66289598  6.44791986
    4.88283051]
  [10.61109306 12.66970265 14.18201785 ...  9.25580066  7.77994318
    6.19793958]
  ...
  [ 7.75258359  9.69963179 11.96550656 ... 13.7598985  11.37686655
    8.96832497]
  [ 6.39947911  7.98806428  9.76103818 ... 11.06882855  8.99648548
    7.2464349 ]
  [ 5.20592033  6.55318011  8.02728803 ...  8.96266238  7.07128977
    5.74954764]]

 [[ 5.72515451  7.7691562   9.67126947 ...  9.28518393  8.54424859
    6.9249837 ]
  [ 7.22889751  9.90355308 12.24946499 ... 10.97807393  9.84191729
    7.70385431]
  [ 8.95073192 12.2399192  15.13100591 ... 14.42631562 12.62691801
    9.89918295]
  ...
  [ 8.36650257 10.90712659 12.25718063 ... 16.92746587 13.46007871
   10.59939729]
  [ 7.07216154  9.48307795 10.50422619 ... 15.09499144 11.95345011
    9.54887599]
  [ 5.40679464  7.11404827  7.62625071 ... 12.13417013  9.69566829
    7.82662134]]

 [[ 2.89176665  3.52697006  3.65315875 ...  2.92081996  2.51708698
    2.2489157 ]
  [ 3.85247624  4.45462879  4.80700377 ...  3.98422427  3.52953848
    2.95791206]
  [ 3.99743587  4.95806549  5.40395109 ...  5.0047143   4.59236487
    3.74389784]
  ...
  [ 3.0599517   4.39655849  5.56037683 ...  7.52768111  6.32621933
    4.62405952]
  [ 2.80809478  4.01520362  4.74343526 ...  6.46456838  5.58386198
    4.17924148]
  [ 2.23492069  3.18270087  3.55292207 ...  5.08195727  4.2263674
    3.53108929]]

 ...

 [[ 5.60616274  7.1095378   8.50650842 ... 11.25917116  9.35372033
    6.9400461 ]
  [ 6.82445676  8.66828392 10.24622404 ... 14.63908392 12.15234575
    8.96458487]
  [ 8.15022347 10.42081264 12.38099506 ... 17.75197476 14.60418782
   10.81393628]
  ...
  [ 8.02585567 10.687589   12.91160134 ... 14.40898527 11.71110583
    8.83960321]
  [ 6.9628591   9.34523295 10.91773526 ... 11.76070304  9.52452025
    7.18695689]
  [ 5.38793201  7.26582038  8.20040708 ...  9.02029403  7.48666831
    5.82408779]]

 [[ 5.15769382  6.74526785  9.04101126 ...  8.97643634  7.9835598
    6.49654149]
  [ 6.76694741  8.92512519 11.94297698 ... 12.48606664 10.84782267
    9.09199437]
  [ 8.54810868 11.05373785 14.51491258 ... 14.38669487 12.46503879
   10.38196008]
  ...
  [10.92770672 13.64124031 16.44965652 ... 15.59872061 12.89006747
    9.96097554]
  [ 9.91196971 12.35603965 14.83529996 ... 13.00693119 10.97314023
    8.58340765]
  [ 8.02215173 10.18092577 11.98658267 ... 11.33470316  9.65940188
    7.475927  ]]

 [[ 7.3010671   9.3967725  11.13288957 ... 11.65941052 10.02698592
    8.90927074]
  [ 9.60203811 12.11770066 14.42875607 ... 13.23509157 11.4888297
    9.83098964]
  [10.71697401 13.65648337 16.48460557 ... 15.15461865 13.30592414
   11.48943135]
  ...
  [10.80058718 13.62614174 15.79512796 ... 13.81556116 11.22792797
    9.40791093]
  [ 8.80837458 11.27894342 13.36218839 ... 11.50261423  9.59077388
    8.26891605]
  [ 6.94585107  8.89170127 10.57047371 ...  8.00250138  6.62441896
    5.66777303]]]
einsum / rust_python:  [[[1. 1. 1. ... 1. 1. 1.]
  [1. 1. 1. ... 1. 1. 1.]
  [1. 1. 1. ... 1. 1. 1.]
  ...
  [1. 1. 1. ... 1. 1. 1.]
  [1. 1. 1. ... 1. 1. 1.]
  [1. 1. 1. ... 1. 1. 1.]]

 [[1. 1. 1. ... 1. 1. 1.]
  [1. 1. 1. ... 1. 1. 1.]
  [1. 1. 1. ... 1. 1. 1.]
  ...
  [1. 1. 1. ... 1. 1. 1.]
  [1. 1. 1. ... 1. 1. 1.]
  [1. 1. 1. ... 1. 1. 1.]]

 [[1. 1. 1. ... 1. 1. 1.]
  [1. 1. 1. ... 1. 1. 1.]
  [1. 1. 1. ... 1. 1. 1.]
  ...
  [1. 1. 1. ... 1. 1. 1.]
  [1. 1. 1. ... 1. 1. 1.]
  [1. 1. 1. ... 1. 1. 1.]]

 ...

 [[1. 1. 1. ... 1. 1. 1.]
  [1. 1. 1. ... 1. 1. 1.]
  [1. 1. 1. ... 1. 1. 1.]
  ...
  [1. 1. 1. ... 1. 1. 1.]
  [1. 1. 1. ... 1. 1. 1.]
  [1. 1. 1. ... 1. 1. 1.]]

 [[1. 1. 1. ... 1. 1. 1.]
  [1. 1. 1. ... 1. 1. 1.]
  [1. 1. 1. ... 1. 1. 1.]
  ...
  [1. 1. 1. ... 1. 1. 1.]
  [1. 1. 1. ... 1. 1. 1.]
  [1. 1. 1. ... 1. 1. 1.]]

 [[1. 1. 1. ... 1. 1. 1.]
  [1. 1. 1. ... 1. 1. 1.]
  [1. 1. 1. ... 1. 1. 1.]
  ...
  [1. 1. 1. ... 1. 1. 1.]
  [1. 1. 1. ... 1. 1. 1.]
  [1. 1. 1. ... 1. 1. 1.]]]
einsum == rust_python:  [[[False False False ... False  True  True]
  [False  True False ... False  True  True]
  [ True False  True ... False False  True]
  ...
  [False  True False ... False  True False]
  [ True False  True ... False False False]
  [ True False False ... False False  True]]

 [[ True False False ... False False False]
  [False False  True ... False  True False]
  [ True  True  True ... False False False]
  ...
  [False  True  True ...  True False  True]
  [ True False  True ... False False False]
  [ True  True False ... False False  True]]

 [[False False False ... False False False]
  [False False False ... False False  True]
  [False  True False ... False False False]
  ...
  [False  True  True ... False  True  True]
  [False False  True ... False False  True]
  [False  True  True ... False  True  True]]

 ...

 [[False False False ... False  True False]
  [False  True  True ... False  True  True]
  [ True False  True ... False False False]
  ...
  [ True  True  True ... False  True False]
  [False  True  True ...  True  True  True]
  [False False False ...  True  True  True]]

 [[False  True False ...  True False False]
  [ True  True  True ... False  True  True]
  [ True False False ... False False False]
  ...
  [False False  True ... False False  True]
  [False False False ... False  True  True]
  [ True False  True ...  True  True  True]]

 [[ True  True  True ...  True False False]
  [ True  True False ... False False False]
  [ True  True  True ... False False  True]
  ...
  [False False False ... False False  True]
  [ True  True False ...  True  True  True]
  [False  True False ...  True False  True]]]


t rust_python=0.085352
pp rust_python: [[[ 6.96677912  8.02807957  9.1032952  ...  6.5019522   5.49918176
    4.10652363]
  [ 9.14054261 10.8107915  12.1928162  ...  7.66289598  6.44791986
    4.88283051]
  [10.61109306 12.66970265 14.18201785 ...  9.25580066  7.77994318
    6.19793958]
  ...
  [ 7.75258359  9.69963179 11.96550656 ... 13.7598985  11.37686655
    8.96832497]
  [ 6.39947911  7.98806428  9.76103818 ... 11.06882855  8.99648548
    7.2464349 ]
  [ 5.20592033  6.55318011  8.02728803 ...  8.96266238  7.07128977
    5.74954764]]

 [[ 5.72515451  7.7691562   9.67126947 ...  9.28518393  8.54424859
    6.9249837 ]
  [ 7.22889751  9.90355308 12.24946499 ... 10.97807393  9.84191729
    7.70385431]
  [ 8.95073192 12.2399192  15.13100591 ... 14.42631562 12.62691801
    9.89918295]
  ...
  [ 8.36650257 10.90712659 12.25718063 ... 16.92746587 13.46007871
   10.59939729]
  [ 7.07216154  9.48307795 10.50422619 ... 15.09499144 11.95345011
    9.54887599]
  [ 5.40679464  7.11404827  7.62625071 ... 12.13417013  9.69566829
    7.82662134]]

 [[ 2.89176665  3.52697006  3.65315875 ...  2.92081996  2.51708698
    2.2489157 ]
  [ 3.85247624  4.45462879  4.80700377 ...  3.98422427  3.52953848
    2.95791206]
  [ 3.99743587  4.95806549  5.40395109 ...  5.0047143   4.59236487
    3.74389784]
  ...
  [ 3.0599517   4.39655849  5.56037683 ...  7.52768111  6.32621933
    4.62405952]
  [ 2.80809478  4.01520362  4.74343526 ...  6.46456838  5.58386198
    4.17924148]
  [ 2.23492069  3.18270087  3.55292207 ...  5.08195727  4.2263674
    3.53108929]]

 ...

 [[ 5.60616274  7.1095378   8.50650842 ... 11.25917116  9.35372033
    6.9400461 ]
  [ 6.82445676  8.66828392 10.24622404 ... 14.63908392 12.15234575
    8.96458487]
  [ 8.15022347 10.42081264 12.38099506 ... 17.75197476 14.60418782
   10.81393628]
  ...
  [ 8.02585567 10.687589   12.91160134 ... 14.40898527 11.71110583
    8.83960321]
  [ 6.9628591   9.34523295 10.91773526 ... 11.76070304  9.52452025
    7.18695689]
  [ 5.38793201  7.26582038  8.20040708 ...  9.02029403  7.48666831
    5.82408779]]

 [[ 5.15769382  6.74526785  9.04101126 ...  8.97643634  7.9835598
    6.49654149]
  [ 6.76694741  8.92512519 11.94297698 ... 12.48606664 10.84782267
    9.09199437]
  [ 8.54810868 11.05373785 14.51491258 ... 14.38669487 12.46503879
   10.38196008]
  ...
  [10.92770672 13.64124031 16.44965652 ... 15.59872061 12.89006747
    9.96097554]
  [ 9.91196971 12.35603965 14.83529996 ... 13.00693119 10.97314023
    8.58340765]
  [ 8.02215173 10.18092577 11.98658267 ... 11.33470316  9.65940188
    7.475927  ]]

 [[ 7.3010671   9.3967725  11.13288957 ... 11.65941052 10.02698592
    8.90927074]
  [ 9.60203811 12.11770066 14.42875607 ... 13.23509157 11.4888297
    9.83098964]
  [10.71697401 13.65648337 16.48460557 ... 15.15461865 13.30592414
   11.48943135]
  ...
  [10.80058718 13.62614174 15.79512796 ... 13.81556116 11.22792797
    9.40791093]
  [ 8.80837458 11.27894342 13.36218839 ... 11.50261423  9.59077388
    8.26891605]
  [ 6.94585107  8.89170127 10.57047371 ...  8.00250138  6.62441896
    5.66777303]]]
t rust_parallel=0.012792
pp rust_parallel: [[[ 6.96677912  8.02807957  9.1032952  ...  6.5019522   5.49918176
    4.10652363]
  [ 9.14054261 10.8107915  12.1928162  ...  7.66289598  6.44791986
    4.88283051]
  [10.61109306 12.66970265 14.18201785 ...  9.25580066  7.77994318
    6.19793958]
  ...
  [ 7.75258359  9.69963179 11.96550656 ... 13.7598985  11.37686655
    8.96832497]
  [ 6.39947911  7.98806428  9.76103818 ... 11.06882855  8.99648548
    7.2464349 ]
  [ 5.20592033  6.55318011  8.02728803 ...  8.96266238  7.07128977
    5.74954764]]

 [[ 5.72515451  7.7691562   9.67126947 ...  9.28518393  8.54424859
    6.9249837 ]
  [ 7.22889751  9.90355308 12.24946499 ... 10.97807393  9.84191729
    7.70385431]
  [ 8.95073192 12.2399192  15.13100591 ... 14.42631562 12.62691801
    9.89918295]
  ...
  [ 8.36650257 10.90712659 12.25718063 ... 16.92746587 13.46007871
   10.59939729]
  [ 7.07216154  9.48307795 10.50422619 ... 15.09499144 11.95345011
    9.54887599]
  [ 5.40679464  7.11404827  7.62625071 ... 12.13417013  9.69566829
    7.82662134]]

 [[ 2.89176665  3.52697006  3.65315875 ...  2.92081996  2.51708698
    2.2489157 ]
  [ 3.85247624  4.45462879  4.80700377 ...  3.98422427  3.52953848
    2.95791206]
  [ 3.99743587  4.95806549  5.40395109 ...  5.0047143   4.59236487
    3.74389784]
  ...
  [ 3.0599517   4.39655849  5.56037683 ...  7.52768111  6.32621933
    4.62405952]
  [ 2.80809478  4.01520362  4.74343526 ...  6.46456838  5.58386198
    4.17924148]
  [ 2.23492069  3.18270087  3.55292207 ...  5.08195727  4.2263674
    3.53108929]]

 ...

 [[ 5.60616274  7.1095378   8.50650842 ... 11.25917116  9.35372033
    6.9400461 ]
  [ 6.82445676  8.66828392 10.24622404 ... 14.63908392 12.15234575
    8.96458487]
  [ 8.15022347 10.42081264 12.38099506 ... 17.75197476 14.60418782
   10.81393628]
  ...
  [ 8.02585567 10.687589   12.91160134 ... 14.40898527 11.71110583
    8.83960321]
  [ 6.9628591   9.34523295 10.91773526 ... 11.76070304  9.52452025
    7.18695689]
  [ 5.38793201  7.26582038  8.20040708 ...  9.02029403  7.48666831
    5.82408779]]

 [[ 5.15769382  6.74526785  9.04101126 ...  8.97643634  7.9835598
    6.49654149]
  [ 6.76694741  8.92512519 11.94297698 ... 12.48606664 10.84782267
    9.09199437]
  [ 8.54810868 11.05373785 14.51491258 ... 14.38669487 12.46503879
   10.38196008]
  ...
  [10.92770672 13.64124031 16.44965652 ... 15.59872061 12.89006747
    9.96097554]
  [ 9.91196971 12.35603965 14.83529996 ... 13.00693119 10.97314023
    8.58340765]
  [ 8.02215173 10.18092577 11.98658267 ... 11.33470316  9.65940188
    7.475927  ]]

 [[ 7.3010671   9.3967725  11.13288957 ... 11.65941052 10.02698592
    8.90927074]
  [ 9.60203811 12.11770066 14.42875607 ... 13.23509157 11.4888297
    9.83098964]
  [10.71697401 13.65648337 16.48460557 ... 15.15461865 13.30592414
   11.48943135]
  ...
  [10.80058718 13.62614174 15.79512796 ... 13.81556116 11.22792797
    9.40791093]
  [ 8.80837458 11.27894342 13.36218839 ... 11.50261423  9.59077388
    8.26891605]
  [ 6.94585107  8.89170127 10.57047371 ...  8.00250138  6.62441896
    5.66777303]]]
rust_python == rust_parallel:  [[[ True  True  True ...  True  True  True]
  [ True  True  True ...  True  True  True]
  [ True  True  True ...  True  True  True]
  ...
  [ True  True  True ...  True  True  True]
  [ True  True  True ...  True  True  True]
  [ True  True  True ...  True  True  True]]

 [[ True  True  True ...  True  True  True]
  [ True  True  True ...  True  True  True]
  [ True  True  True ...  True  True  True]
  ...
  [ True  True  True ...  True  True  True]
  [ True  True  True ...  True  True  True]
  [ True  True  True ...  True  True  True]]

 [[ True  True  True ...  True  True  True]
  [ True  True  True ...  True  True  True]
  [ True  True  True ...  True  True  True]
  ...
  [ True  True  True ...  True  True  True]
  [ True  True  True ...  True  True  True]
  [ True  True  True ...  True  True  True]]

 ...

 [[ True  True  True ...  True  True  True]
  [ True  True  True ...  True  True  True]
  [ True  True  True ...  True  True  True]
  ...
  [ True  True  True ...  True  True  True]
  [ True  True  True ...  True  True  True]
  [ True  True  True ...  True  True  True]]

 [[ True  True  True ...  True  True  True]
  [ True  True  True ...  True  True  True]
  [ True  True  True ...  True  True  True]
  ...
  [ True  True  True ...  True  True  True]
  [ True  True  True ...  True  True  True]
  [ True  True  True ...  True  True  True]]

 [[ True  True  True ...  True  True  True]
  [ True  True  True ...  True  True  True]
  [ True  True  True ...  True  True  True]
  ...
  [ True  True  True ...  True  True  True]
  [ True  True  True ...  True  True  True]
  [ True  True  True ...  True  True  True]]]
t einsum=39.535377
pp einsum: [[[ 6.96677912  8.02807957  9.1032952  ...  6.5019522   5.49918176
    4.10652363]
  [ 9.14054261 10.8107915  12.1928162  ...  7.66289598  6.44791986
    4.88283051]
  [10.61109306 12.66970265 14.18201785 ...  9.25580066  7.77994318
    6.19793958]
  ...
  [ 7.75258359  9.69963179 11.96550656 ... 13.7598985  11.37686655
    8.96832497]
  [ 6.39947911  7.98806428  9.76103818 ... 11.06882855  8.99648548
    7.2464349 ]
  [ 5.20592033  6.55318011  8.02728803 ...  8.96266238  7.07128977
    5.74954764]]

 [[ 5.72515451  7.7691562   9.67126947 ...  9.28518393  8.54424859
    6.9249837 ]
  [ 7.22889751  9.90355308 12.24946499 ... 10.97807393  9.84191729
    7.70385431]
  [ 8.95073192 12.2399192  15.13100591 ... 14.42631562 12.62691801
    9.89918295]
  ...
  [ 8.36650257 10.90712659 12.25718063 ... 16.92746587 13.46007871
   10.59939729]
  [ 7.07216154  9.48307795 10.50422619 ... 15.09499144 11.95345011
    9.54887599]
  [ 5.40679464  7.11404827  7.62625071 ... 12.13417013  9.69566829
    7.82662134]]

 [[ 2.89176665  3.52697006  3.65315875 ...  2.92081996  2.51708698
    2.2489157 ]
  [ 3.85247624  4.45462879  4.80700377 ...  3.98422427  3.52953848
    2.95791206]
  [ 3.99743587  4.95806549  5.40395109 ...  5.0047143   4.59236487
    3.74389784]
  ...
  [ 3.0599517   4.39655849  5.56037683 ...  7.52768111  6.32621933
    4.62405952]
  [ 2.80809478  4.01520362  4.74343526 ...  6.46456838  5.58386198
    4.17924148]
  [ 2.23492069  3.18270087  3.55292207 ...  5.08195727  4.2263674
    3.53108929]]

 ...

 [[ 5.60616274  7.1095378   8.50650842 ... 11.25917116  9.35372033
    6.9400461 ]
  [ 6.82445676  8.66828392 10.24622404 ... 14.63908392 12.15234575
    8.96458487]
  [ 8.15022347 10.42081264 12.38099506 ... 17.75197476 14.60418782
   10.81393628]
  ...
  [ 8.02585567 10.687589   12.91160134 ... 14.40898527 11.71110583
    8.83960321]
  [ 6.9628591   9.34523295 10.91773526 ... 11.76070304  9.52452025
    7.18695689]
  [ 5.38793201  7.26582038  8.20040708 ...  9.02029403  7.48666831
    5.82408779]]

 [[ 5.15769382  6.74526785  9.04101126 ...  8.97643634  7.9835598
    6.49654149]
  [ 6.76694741  8.92512519 11.94297698 ... 12.48606664 10.84782267
    9.09199437]
  [ 8.54810868 11.05373785 14.51491258 ... 14.38669487 12.46503879
   10.38196008]
  ...
  [10.92770672 13.64124031 16.44965652 ... 15.59872061 12.89006747
    9.96097554]
  [ 9.91196971 12.35603965 14.83529996 ... 13.00693119 10.97314023
    8.58340765]
  [ 8.02215173 10.18092577 11.98658267 ... 11.33470316  9.65940188
    7.475927  ]]

 [[ 7.3010671   9.3967725  11.13288957 ... 11.65941052 10.02698592
    8.90927074]
  [ 9.60203811 12.11770066 14.42875607 ... 13.23509157 11.4888297
    9.83098964]
  [10.71697401 13.65648337 16.48460557 ... 15.15461865 13.30592414
   11.48943135]
  ...
  [10.80058718 13.62614174 15.79512796 ... 13.81556116 11.22792797
    9.40791093]
  [ 8.80837458 11.27894342 13.36218839 ... 11.50261423  9.59077388
    8.26891605]
  [ 6.94585107  8.89170127 10.57047371 ...  8.00250138  6.62441896
    5.66777303]]]
einsum / rust_python:  [[[1. 1. 1. ... 1. 1. 1.]
  [1. 1. 1. ... 1. 1. 1.]
  [1. 1. 1. ... 1. 1. 1.]
  ...
  [1. 1. 1. ... 1. 1. 1.]
  [1. 1. 1. ... 1. 1. 1.]
  [1. 1. 1. ... 1. 1. 1.]]

 [[1. 1. 1. ... 1. 1. 1.]
  [1. 1. 1. ... 1. 1. 1.]
  [1. 1. 1. ... 1. 1. 1.]
  ...
  [1. 1. 1. ... 1. 1. 1.]
  [1. 1. 1. ... 1. 1. 1.]
  [1. 1. 1. ... 1. 1. 1.]]

 [[1. 1. 1. ... 1. 1. 1.]
  [1. 1. 1. ... 1. 1. 1.]
  [1. 1. 1. ... 1. 1. 1.]
  ...
  [1. 1. 1. ... 1. 1. 1.]
  [1. 1. 1. ... 1. 1. 1.]
  [1. 1. 1. ... 1. 1. 1.]]

 ...

 [[1. 1. 1. ... 1. 1. 1.]
  [1. 1. 1. ... 1. 1. 1.]
  [1. 1. 1. ... 1. 1. 1.]
  ...
  [1. 1. 1. ... 1. 1. 1.]
  [1. 1. 1. ... 1. 1. 1.]
  [1. 1. 1. ... 1. 1. 1.]]

 [[1. 1. 1. ... 1. 1. 1.]
  [1. 1. 1. ... 1. 1. 1.]
  [1. 1. 1. ... 1. 1. 1.]
  ...
  [1. 1. 1. ... 1. 1. 1.]
  [1. 1. 1. ... 1. 1. 1.]
  [1. 1. 1. ... 1. 1. 1.]]

 [[1. 1. 1. ... 1. 1. 1.]
  [1. 1. 1. ... 1. 1. 1.]
  [1. 1. 1. ... 1. 1. 1.]
  ...
  [1. 1. 1. ... 1. 1. 1.]
  [1. 1. 1. ... 1. 1. 1.]
  [1. 1. 1. ... 1. 1. 1.]]]
einsum == rust_python:  [[[False False False ... False  True  True]
  [False  True False ... False  True  True]
  [ True False  True ... False False  True]
  ...
  [False  True False ... False  True False]
  [ True False  True ... False False False]
  [ True False False ... False False  True]]

 [[ True False False ... False False False]
  [False False  True ... False  True False]
  [ True  True  True ... False False False]
  ...
  [False  True  True ...  True False  True]
  [ True False  True ... False False False]
  [ True  True False ... False False  True]]

 [[False False False ... False False False]
  [False False False ... False False  True]
  [False  True False ... False False False]
  ...
  [False  True  True ... False  True  True]
  [False False  True ... False False  True]
  [False  True  True ... False  True  True]]

 ...

 [[False False False ... False  True False]
  [False  True  True ... False  True  True]
  [ True False  True ... False False False]
  ...
  [ True  True  True ... False  True False]
  [False  True  True ...  True  True  True]
  [False False False ...  True  True  True]]

 [[False  True False ...  True False False]
  [ True  True  True ... False  True  True]
  [ True False False ... False False False]
  ...
  [False False  True ... False False  True]
  [False False False ... False  True  True]
  [ True False  True ...  True  True  True]]

 [[ True  True  True ...  True False False]
  [ True  True False ... False False False]
  [ True  True  True ... False False  True]
  ...
  [False False False ... False False  True]
  [ True  True False ...  True  True  True]
  [False  True False ...  True False  True]]]


         41440 function calls (39808 primitive calls) in 39.661 seconds

   Ordered by: internal time
   List reduced from 216 to 15 due to restriction <15>

   ncalls  tottime  percall  cumtime  percall filename:lineno(function)
       36   16.149    0.449   17.567    0.488 _umath.py:569(_get_func_coords_data)
       48    6.421    0.134   15.583    0.325 core.py:1284(_sort_indices)
       60    5.168    0.086    5.168    0.086 common.py:57(linear_loc)
       12    3.649    0.304    3.649    0.304 {method 'argsort' of 'numpy.ndarray' objects}
       36    3.398    0.094   25.818    0.717 _umath.py:457(get_result)
       60    1.368    0.023    1.369    0.023 function_base.py:1324(diff)
       84    1.172    0.014    1.175    0.014 _utils.py:409(equivalent)
       12    0.986    0.082   13.520    1.127 _common.py:1303(_einsum_single)
       12    0.412    0.034    1.761    0.147 core.py:1309(_sum_duplicates)
       36    0.247    0.007    0.247    0.007 {method 'astype' of 'numpy.ndarray' objects}
      140    0.152    0.001    0.152    0.001 {method 'reduce' of 'numpy.ufunc' objects}
       12    0.113    0.009    0.113    0.009 {method 'reduceat' of 'numpy.ufunc' objects}
       12    0.079    0.007    0.079    0.007 {method 'apply' of 'builtins.Dispersal' objects}
       36    0.069    0.002   25.906    0.720 _umath.py:13(elemwise)
        1    0.043    0.043   39.535   39.535 performance-check.py:45(bench_einsum)


t rust_parallel=0.014556
pp rust_parallel: [[[ 6.96677912  8.02807957  9.1032952  ...  6.5019522   5.49918176
    4.10652363]
  [ 9.14054261 10.8107915  12.1928162  ...  7.66289598  6.44791986
    4.88283051]
  [10.61109306 12.66970265 14.18201785 ...  9.25580066  7.77994318
    6.19793958]
  ...
  [ 7.75258359  9.69963179 11.96550656 ... 13.7598985  11.37686655
    8.96832497]
  [ 6.39947911  7.98806428  9.76103818 ... 11.06882855  8.99648548
    7.2464349 ]
  [ 5.20592033  6.55318011  8.02728803 ...  8.96266238  7.07128977
    5.74954764]]

 [[ 5.72515451  7.7691562   9.67126947 ...  9.28518393  8.54424859
    6.9249837 ]
  [ 7.22889751  9.90355308 12.24946499 ... 10.97807393  9.84191729
    7.70385431]
  [ 8.95073192 12.2399192  15.13100591 ... 14.42631562 12.62691801
    9.89918295]
  ...
  [ 8.36650257 10.90712659 12.25718063 ... 16.92746587 13.46007871
   10.59939729]
  [ 7.07216154  9.48307795 10.50422619 ... 15.09499144 11.95345011
    9.54887599]
  [ 5.40679464  7.11404827  7.62625071 ... 12.13417013  9.69566829
    7.82662134]]

 [[ 2.89176665  3.52697006  3.65315875 ...  2.92081996  2.51708698
    2.2489157 ]
  [ 3.85247624  4.45462879  4.80700377 ...  3.98422427  3.52953848
    2.95791206]
  [ 3.99743587  4.95806549  5.40395109 ...  5.0047143   4.59236487
    3.74389784]
  ...
  [ 3.0599517   4.39655849  5.56037683 ...  7.52768111  6.32621933
    4.62405952]
  [ 2.80809478  4.01520362  4.74343526 ...  6.46456838  5.58386198
    4.17924148]
  [ 2.23492069  3.18270087  3.55292207 ...  5.08195727  4.2263674
    3.53108929]]

 ...

 [[ 5.60616274  7.1095378   8.50650842 ... 11.25917116  9.35372033
    6.9400461 ]
  [ 6.82445676  8.66828392 10.24622404 ... 14.63908392 12.15234575
    8.96458487]
  [ 8.15022347 10.42081264 12.38099506 ... 17.75197476 14.60418782
   10.81393628]
  ...
  [ 8.02585567 10.687589   12.91160134 ... 14.40898527 11.71110583
    8.83960321]
  [ 6.9628591   9.34523295 10.91773526 ... 11.76070304  9.52452025
    7.18695689]
  [ 5.38793201  7.26582038  8.20040708 ...  9.02029403  7.48666831
    5.82408779]]

 [[ 5.15769382  6.74526785  9.04101126 ...  8.97643634  7.9835598
    6.49654149]
  [ 6.76694741  8.92512519 11.94297698 ... 12.48606664 10.84782267
    9.09199437]
  [ 8.54810868 11.05373785 14.51491258 ... 14.38669487 12.46503879
   10.38196008]
  ...
  [10.92770672 13.64124031 16.44965652 ... 15.59872061 12.89006747
    9.96097554]
  [ 9.91196971 12.35603965 14.83529996 ... 13.00693119 10.97314023
    8.58340765]
  [ 8.02215173 10.18092577 11.98658267 ... 11.33470316  9.65940188
    7.475927  ]]

 [[ 7.3010671   9.3967725  11.13288957 ... 11.65941052 10.02698592
    8.90927074]
  [ 9.60203811 12.11770066 14.42875607 ... 13.23509157 11.4888297
    9.83098964]
  [10.71697401 13.65648337 16.48460557 ... 15.15461865 13.30592414
   11.48943135]
  ...
  [10.80058718 13.62614174 15.79512796 ... 13.81556116 11.22792797
    9.40791093]
  [ 8.80837458 11.27894342 13.36218839 ... 11.50261423  9.59077388
    8.26891605]
  [ 6.94585107  8.89170127 10.57047371 ...  8.00250138  6.62441896
    5.66777303]]]
t rust_parallel=0.010418
pp rust_parallel: [[[ 6.96677912  8.02807957  9.1032952  ...  6.5019522   5.49918176
    4.10652363]
  [ 9.14054261 10.8107915  12.1928162  ...  7.66289598  6.44791986
    4.88283051]
  [10.61109306 12.66970265 14.18201785 ...  9.25580066  7.77994318
    6.19793958]
  ...
  [ 7.75258359  9.69963179 11.96550656 ... 13.7598985  11.37686655
    8.96832497]
  [ 6.39947911  7.98806428  9.76103818 ... 11.06882855  8.99648548
    7.2464349 ]
  [ 5.20592033  6.55318011  8.02728803 ...  8.96266238  7.07128977
    5.74954764]]

 [[ 5.72515451  7.7691562   9.67126947 ...  9.28518393  8.54424859
    6.9249837 ]
  [ 7.22889751  9.90355308 12.24946499 ... 10.97807393  9.84191729
    7.70385431]
  [ 8.95073192 12.2399192  15.13100591 ... 14.42631562 12.62691801
    9.89918295]
  ...
  [ 8.36650257 10.90712659 12.25718063 ... 16.92746587 13.46007871
   10.59939729]
  [ 7.07216154  9.48307795 10.50422619 ... 15.09499144 11.95345011
    9.54887599]
  [ 5.40679464  7.11404827  7.62625071 ... 12.13417013  9.69566829
    7.82662134]]

 [[ 2.89176665  3.52697006  3.65315875 ...  2.92081996  2.51708698
    2.2489157 ]
  [ 3.85247624  4.45462879  4.80700377 ...  3.98422427  3.52953848
    2.95791206]
  [ 3.99743587  4.95806549  5.40395109 ...  5.0047143   4.59236487
    3.74389784]
  ...
  [ 3.0599517   4.39655849  5.56037683 ...  7.52768111  6.32621933
    4.62405952]
  [ 2.80809478  4.01520362  4.74343526 ...  6.46456838  5.58386198
    4.17924148]
  [ 2.23492069  3.18270087  3.55292207 ...  5.08195727  4.2263674
    3.53108929]]

 ...

 [[ 5.60616274  7.1095378   8.50650842 ... 11.25917116  9.35372033
    6.9400461 ]
  [ 6.82445676  8.66828392 10.24622404 ... 14.63908392 12.15234575
    8.96458487]
  [ 8.15022347 10.42081264 12.38099506 ... 17.75197476 14.60418782
   10.81393628]
  ...
  [ 8.02585567 10.687589   12.91160134 ... 14.40898527 11.71110583
    8.83960321]
  [ 6.9628591   9.34523295 10.91773526 ... 11.76070304  9.52452025
    7.18695689]
  [ 5.38793201  7.26582038  8.20040708 ...  9.02029403  7.48666831
    5.82408779]]

 [[ 5.15769382  6.74526785  9.04101126 ...  8.97643634  7.9835598
    6.49654149]
  [ 6.76694741  8.92512519 11.94297698 ... 12.48606664 10.84782267
    9.09199437]
  [ 8.54810868 11.05373785 14.51491258 ... 14.38669487 12.46503879
   10.38196008]
  ...
  [10.92770672 13.64124031 16.44965652 ... 15.59872061 12.89006747
    9.96097554]
  [ 9.91196971 12.35603965 14.83529996 ... 13.00693119 10.97314023
    8.58340765]
  [ 8.02215173 10.18092577 11.98658267 ... 11.33470316  9.65940188
    7.475927  ]]

 [[ 7.3010671   9.3967725  11.13288957 ... 11.65941052 10.02698592
    8.90927074]
  [ 9.60203811 12.11770066 14.42875607 ... 13.23509157 11.4888297
    9.83098964]
  [10.71697401 13.65648337 16.48460557 ... 15.15461865 13.30592414
   11.48943135]
  ...
  [10.80058718 13.62614174 15.79512796 ... 13.81556116 11.22792797
    9.40791093]
  [ 8.80837458 11.27894342 13.36218839 ... 11.50261423  9.59077388
    8.26891605]
  [ 6.94585107  8.89170127 10.57047371 ...  8.00250138  6.62441896
    5.66777303]]]
t rust_parallel=0.013566
pp rust_parallel: [[[ 6.96677912  8.02807957  9.1032952  ...  6.5019522   5.49918176
    4.10652363]
  [ 9.14054261 10.8107915  12.1928162  ...  7.66289598  6.44791986
    4.88283051]
  [10.61109306 12.66970265 14.18201785 ...  9.25580066  7.77994318
    6.19793958]
  ...
  [ 7.75258359  9.69963179 11.96550656 ... 13.7598985  11.37686655
    8.96832497]
  [ 6.39947911  7.98806428  9.76103818 ... 11.06882855  8.99648548
    7.2464349 ]
  [ 5.20592033  6.55318011  8.02728803 ...  8.96266238  7.07128977
    5.74954764]]

 [[ 5.72515451  7.7691562   9.67126947 ...  9.28518393  8.54424859
    6.9249837 ]
  [ 7.22889751  9.90355308 12.24946499 ... 10.97807393  9.84191729
    7.70385431]
  [ 8.95073192 12.2399192  15.13100591 ... 14.42631562 12.62691801
    9.89918295]
  ...
  [ 8.36650257 10.90712659 12.25718063 ... 16.92746587 13.46007871
   10.59939729]
  [ 7.07216154  9.48307795 10.50422619 ... 15.09499144 11.95345011
    9.54887599]
  [ 5.40679464  7.11404827  7.62625071 ... 12.13417013  9.69566829
    7.82662134]]

 [[ 2.89176665  3.52697006  3.65315875 ...  2.92081996  2.51708698
    2.2489157 ]
  [ 3.85247624  4.45462879  4.80700377 ...  3.98422427  3.52953848
    2.95791206]
  [ 3.99743587  4.95806549  5.40395109 ...  5.0047143   4.59236487
    3.74389784]
  ...
  [ 3.0599517   4.39655849  5.56037683 ...  7.52768111  6.32621933
    4.62405952]
  [ 2.80809478  4.01520362  4.74343526 ...  6.46456838  5.58386198
    4.17924148]
  [ 2.23492069  3.18270087  3.55292207 ...  5.08195727  4.2263674
    3.53108929]]

 ...

 [[ 5.60616274  7.1095378   8.50650842 ... 11.25917116  9.35372033
    6.9400461 ]
  [ 6.82445676  8.66828392 10.24622404 ... 14.63908392 12.15234575
    8.96458487]
  [ 8.15022347 10.42081264 12.38099506 ... 17.75197476 14.60418782
   10.81393628]
  ...
  [ 8.02585567 10.687589   12.91160134 ... 14.40898527 11.71110583
    8.83960321]
  [ 6.9628591   9.34523295 10.91773526 ... 11.76070304  9.52452025
    7.18695689]
  [ 5.38793201  7.26582038  8.20040708 ...  9.02029403  7.48666831
    5.82408779]]

 [[ 5.15769382  6.74526785  9.04101126 ...  8.97643634  7.9835598
    6.49654149]
  [ 6.76694741  8.92512519 11.94297698 ... 12.48606664 10.84782267
    9.09199437]
  [ 8.54810868 11.05373785 14.51491258 ... 14.38669487 12.46503879
   10.38196008]
  ...
  [10.92770672 13.64124031 16.44965652 ... 15.59872061 12.89006747
    9.96097554]
  [ 9.91196971 12.35603965 14.83529996 ... 13.00693119 10.97314023
    8.58340765]
  [ 8.02215173 10.18092577 11.98658267 ... 11.33470316  9.65940188
    7.475927  ]]

 [[ 7.3010671   9.3967725  11.13288957 ... 11.65941052 10.02698592
    8.90927074]
  [ 9.60203811 12.11770066 14.42875607 ... 13.23509157 11.4888297
    9.83098964]
  [10.71697401 13.65648337 16.48460557 ... 15.15461865 13.30592414
   11.48943135]
  ...
  [10.80058718 13.62614174 15.79512796 ... 13.81556116 11.22792797
    9.40791093]
  [ 8.80837458 11.27894342 13.36218839 ... 11.50261423  9.59077388
    8.26891605]
  [ 6.94585107  8.89170127 10.57047371 ...  8.00250138  6.62441896
    5.66777303]]]
t rust_parallel=0.010440
pp rust_parallel: [[[ 6.96677912  8.02807957  9.1032952  ...  6.5019522   5.49918176
    4.10652363]
  [ 9.14054261 10.8107915  12.1928162  ...  7.66289598  6.44791986
    4.88283051]
  [10.61109306 12.66970265 14.18201785 ...  9.25580066  7.77994318
    6.19793958]
  ...
  [ 7.75258359  9.69963179 11.96550656 ... 13.7598985  11.37686655
    8.96832497]
  [ 6.39947911  7.98806428  9.76103818 ... 11.06882855  8.99648548
    7.2464349 ]
  [ 5.20592033  6.55318011  8.02728803 ...  8.96266238  7.07128977
    5.74954764]]

 [[ 5.72515451  7.7691562   9.67126947 ...  9.28518393  8.54424859
    6.9249837 ]
  [ 7.22889751  9.90355308 12.24946499 ... 10.97807393  9.84191729
    7.70385431]
  [ 8.95073192 12.2399192  15.13100591 ... 14.42631562 12.62691801
    9.89918295]
  ...
  [ 8.36650257 10.90712659 12.25718063 ... 16.92746587 13.46007871
   10.59939729]
  [ 7.07216154  9.48307795 10.50422619 ... 15.09499144 11.95345011
    9.54887599]
  [ 5.40679464  7.11404827  7.62625071 ... 12.13417013  9.69566829
    7.82662134]]

 [[ 2.89176665  3.52697006  3.65315875 ...  2.92081996  2.51708698
    2.2489157 ]
  [ 3.85247624  4.45462879  4.80700377 ...  3.98422427  3.52953848
    2.95791206]
  [ 3.99743587  4.95806549  5.40395109 ...  5.0047143   4.59236487
    3.74389784]
  ...
  [ 3.0599517   4.39655849  5.56037683 ...  7.52768111  6.32621933
    4.62405952]
  [ 2.80809478  4.01520362  4.74343526 ...  6.46456838  5.58386198
    4.17924148]
  [ 2.23492069  3.18270087  3.55292207 ...  5.08195727  4.2263674
    3.53108929]]

 ...

 [[ 5.60616274  7.1095378   8.50650842 ... 11.25917116  9.35372033
    6.9400461 ]
  [ 6.82445676  8.66828392 10.24622404 ... 14.63908392 12.15234575
    8.96458487]
  [ 8.15022347 10.42081264 12.38099506 ... 17.75197476 14.60418782
   10.81393628]
  ...
  [ 8.02585567 10.687589   12.91160134 ... 14.40898527 11.71110583
    8.83960321]
  [ 6.9628591   9.34523295 10.91773526 ... 11.76070304  9.52452025
    7.18695689]
  [ 5.38793201  7.26582038  8.20040708 ...  9.02029403  7.48666831
    5.82408779]]

 [[ 5.15769382  6.74526785  9.04101126 ...  8.97643634  7.9835598
    6.49654149]
  [ 6.76694741  8.92512519 11.94297698 ... 12.48606664 10.84782267
    9.09199437]
  [ 8.54810868 11.05373785 14.51491258 ... 14.38669487 12.46503879
   10.38196008]
  ...
  [10.92770672 13.64124031 16.44965652 ... 15.59872061 12.89006747
    9.96097554]
  [ 9.91196971 12.35603965 14.83529996 ... 13.00693119 10.97314023
    8.58340765]
  [ 8.02215173 10.18092577 11.98658267 ... 11.33470316  9.65940188
    7.475927  ]]

 [[ 7.3010671   9.3967725  11.13288957 ... 11.65941052 10.02698592
    8.90927074]
  [ 9.60203811 12.11770066 14.42875607 ... 13.23509157 11.4888297
    9.83098964]
  [10.71697401 13.65648337 16.48460557 ... 15.15461865 13.30592414
   11.48943135]
  ...
  [10.80058718 13.62614174 15.79512796 ... 13.81556116 11.22792797
    9.40791093]
  [ 8.80837458 11.27894342 13.36218839 ... 11.50261423  9.59077388
    8.26891605]
  [ 6.94585107  8.89170127 10.57047371 ...  8.00250138  6.62441896
    5.66777303]]]
t rust_parallel=0.012248
pp rust_parallel: [[[ 6.96677912  8.02807957  9.1032952  ...  6.5019522   5.49918176
    4.10652363]
  [ 9.14054261 10.8107915  12.1928162  ...  7.66289598  6.44791986
    4.88283051]
  [10.61109306 12.66970265 14.18201785 ...  9.25580066  7.77994318
    6.19793958]
  ...
  [ 7.75258359  9.69963179 11.96550656 ... 13.7598985  11.37686655
    8.96832497]
  [ 6.39947911  7.98806428  9.76103818 ... 11.06882855  8.99648548
    7.2464349 ]
  [ 5.20592033  6.55318011  8.02728803 ...  8.96266238  7.07128977
    5.74954764]]

 [[ 5.72515451  7.7691562   9.67126947 ...  9.28518393  8.54424859
    6.9249837 ]
  [ 7.22889751  9.90355308 12.24946499 ... 10.97807393  9.84191729
    7.70385431]
  [ 8.95073192 12.2399192  15.13100591 ... 14.42631562 12.62691801
    9.89918295]
  ...
  [ 8.36650257 10.90712659 12.25718063 ... 16.92746587 13.46007871
   10.59939729]
  [ 7.07216154  9.48307795 10.50422619 ... 15.09499144 11.95345011
    9.54887599]
  [ 5.40679464  7.11404827  7.62625071 ... 12.13417013  9.69566829
    7.82662134]]

 [[ 2.89176665  3.52697006  3.65315875 ...  2.92081996  2.51708698
    2.2489157 ]
  [ 3.85247624  4.45462879  4.80700377 ...  3.98422427  3.52953848
    2.95791206]
  [ 3.99743587  4.95806549  5.40395109 ...  5.0047143   4.59236487
    3.74389784]
  ...
  [ 3.0599517   4.39655849  5.56037683 ...  7.52768111  6.32621933
    4.62405952]
  [ 2.80809478  4.01520362  4.74343526 ...  6.46456838  5.58386198
    4.17924148]
  [ 2.23492069  3.18270087  3.55292207 ...  5.08195727  4.2263674
    3.53108929]]

 ...

 [[ 5.60616274  7.1095378   8.50650842 ... 11.25917116  9.35372033
    6.9400461 ]
  [ 6.82445676  8.66828392 10.24622404 ... 14.63908392 12.15234575
    8.96458487]
  [ 8.15022347 10.42081264 12.38099506 ... 17.75197476 14.60418782
   10.81393628]
  ...
  [ 8.02585567 10.687589   12.91160134 ... 14.40898527 11.71110583
    8.83960321]
  [ 6.9628591   9.34523295 10.91773526 ... 11.76070304  9.52452025
    7.18695689]
  [ 5.38793201  7.26582038  8.20040708 ...  9.02029403  7.48666831
    5.82408779]]

 [[ 5.15769382  6.74526785  9.04101126 ...  8.97643634  7.9835598
    6.49654149]
  [ 6.76694741  8.92512519 11.94297698 ... 12.48606664 10.84782267
    9.09199437]
  [ 8.54810868 11.05373785 14.51491258 ... 14.38669487 12.46503879
   10.38196008]
  ...
  [10.92770672 13.64124031 16.44965652 ... 15.59872061 12.89006747
    9.96097554]
  [ 9.91196971 12.35603965 14.83529996 ... 13.00693119 10.97314023
    8.58340765]
  [ 8.02215173 10.18092577 11.98658267 ... 11.33470316  9.65940188
    7.475927  ]]

 [[ 7.3010671   9.3967725  11.13288957 ... 11.65941052 10.02698592
    8.90927074]
  [ 9.60203811 12.11770066 14.42875607 ... 13.23509157 11.4888297
    9.83098964]
  [10.71697401 13.65648337 16.48460557 ... 15.15461865 13.30592414
   11.48943135]
  ...
  [10.80058718 13.62614174 15.79512796 ... 13.81556116 11.22792797
    9.40791093]
  [ 8.80837458 11.27894342 13.36218839 ... 11.50261423  9.59077388
    8.26891605]
  [ 6.94585107  8.89170127 10.57047371 ...  8.00250138  6.62441896
    5.66777303]]]
