calculating distances with threshold...
n_species=60
t rust=3.503726
pp rust: <COO: shape=(800, 800, 800, 800), dtype=float64, nnz=162205696, fill_value=0.0>
t rust_python=3.170025
pp rust_python: [[[15.34501251 17.6517224  19.27671629 ... 14.82302356 13.42289217
   11.77259324]
  [17.52497102 20.21200157 22.14904889 ... 17.36457025 15.6562358
   13.59403338]
  [19.68505763 22.70783922 24.98238849 ... 19.87035355 17.73036741
   15.43041902]
  ...
  [17.42994164 20.16936815 22.55856814 ... 23.2633028  20.39925084
   17.09862348]
  [15.42514475 17.96306995 20.02557758 ... 20.72368996 18.06062931
   15.13403649]
  [13.369104   15.47737633 17.3062648  ... 17.79545019 15.50132753
   12.98519053]]

 [[22.46034915 26.03928471 29.11958794 ... 23.76660822 21.7700645
   19.05005637]
  [25.59892595 29.51158258 32.96456346 ... 27.11275078 24.89664034
   21.68273409]
  [28.69086279 32.87575301 36.80284805 ... 30.13082984 27.69603858
   23.91982246]
  ...
  [24.20429593 27.91521036 31.01381351 ... 32.84580714 29.36407753
   25.92934197]
  [21.15343528 24.51449658 27.37603983 ... 29.45180608 26.44344858
   23.29674607]
  [17.74836868 20.52834004 23.10256845 ... 26.07890609 23.38167352
   20.5703353 ]]

 [[ 4.32827079  5.17393246  5.40567991 ...  4.4629464   3.92238239
    3.40216969]
  [ 5.31158147  6.11735612  6.61421979 ...  5.71299161  5.15253727
    4.29801991]
  [ 5.76366301  6.93119831  7.4832018  ...  6.74665274  6.21858643
    5.03134933]
  ...
  [ 4.83340969  6.29312584  7.46797124 ...  9.65690234  8.33944019
    6.31003059]
  [ 4.38117265  5.67376324  6.44980392 ...  8.45465107  7.45195418
    5.72707698]
  [ 3.57395925  4.6063382   5.04155551 ...  6.90297052  5.91200492
    4.89022107]]

 ...

 [[22.77694186 25.70520387 28.39252643 ... 25.39734555 22.71696906
   19.52391214]
  [26.02807918 29.34542515 32.30878202 ... 28.50407137 25.62872429
   22.13344832]
  [29.4528741  33.28680089 36.4872038  ... 32.24563761 28.90487499
   24.91130434]
  ...
  [24.22268695 27.95422863 31.06174403 ... 27.3305089  24.74406299
   21.90525603]
  [21.6338513  25.02645493 27.59621649 ... 23.98810814 21.76206704
   19.37317684]
  [18.20369697 21.22054586 23.39547705 ... 20.58645822 18.91372015
   16.80019905]]

 [[22.53509957 25.05310966 27.65937917 ... 24.69104286 21.9589352
   19.2182652 ]
  [25.68556439 28.67391063 31.68044099 ... 28.04108413 24.93250153
   21.66686878]
  [28.60851817 31.89726825 35.13321758 ... 31.49234308 28.1102801
   24.37480888]
  ...
  [28.23138578 31.76884725 35.38020795 ... 28.7285687  24.50579871
   21.24283323]
  [25.53434483 28.57420676 31.70280443 ... 25.40417595 21.54559949
   18.74647166]
  [22.83286396 25.49091594 28.08623525 ... 21.48620005 18.15780478
   15.71837998]]

 [[25.16269226 29.31970671 32.01519872 ... 34.1977686  30.11477228
   26.19765064]
  [28.52914054 32.83414869 35.91823626 ... 37.97066207 33.42563575
   29.28412698]
  [32.0075268  36.67551557 39.99884914 ... 40.89560059 36.03908212
   31.74713653]
  ...
  [34.79114521 39.41847145 43.60278557 ... 35.96703648 32.69744457
   28.73614527]
  [31.03680276 34.95883887 38.78393147 ... 31.96715217 28.84845273
   25.49726233]
  [27.5091761  31.11031663 34.29446295 ... 28.40615144 25.81889094
   22.63799519]]]
t rust_parallel=0.205491
pp rust_parallel: [[[15.34501251 17.6517224  19.27671629 ... 14.82302356 13.42289217
   11.77259324]
  [17.52497102 20.21200157 22.14904889 ... 17.36457025 15.6562358
   13.59403338]
  [19.68505763 22.70783922 24.98238849 ... 19.87035355 17.73036741
   15.43041902]
  ...
  [17.42994164 20.16936815 22.55856814 ... 23.2633028  20.39925084
   17.09862348]
  [15.42514475 17.96306995 20.02557758 ... 20.72368996 18.06062931
   15.13403649]
  [13.369104   15.47737633 17.3062648  ... 17.79545019 15.50132753
   12.98519053]]

 [[22.46034915 26.03928471 29.11958794 ... 23.76660822 21.7700645
   19.05005637]
  [25.59892595 29.51158258 32.96456346 ... 27.11275078 24.89664034
   21.68273409]
  [28.69086279 32.87575301 36.80284805 ... 30.13082984 27.69603858
   23.91982246]
  ...
  [24.20429593 27.91521036 31.01381351 ... 32.84580714 29.36407753
   25.92934197]
  [21.15343528 24.51449658 27.37603983 ... 29.45180608 26.44344858
   23.29674607]
  [17.74836868 20.52834004 23.10256845 ... 26.07890609 23.38167352
   20.5703353 ]]

 [[ 4.32827079  5.17393246  5.40567991 ...  4.4629464   3.92238239
    3.40216969]
  [ 5.31158147  6.11735612  6.61421979 ...  5.71299161  5.15253727
    4.29801991]
  [ 5.76366301  6.93119831  7.4832018  ...  6.74665274  6.21858643
    5.03134933]
  ...
  [ 4.83340969  6.29312584  7.46797124 ...  9.65690234  8.33944019
    6.31003059]
  [ 4.38117265  5.67376324  6.44980392 ...  8.45465107  7.45195418
    5.72707698]
  [ 3.57395925  4.6063382   5.04155551 ...  6.90297052  5.91200492
    4.89022107]]

 ...

 [[22.77694186 25.70520387 28.39252643 ... 25.39734555 22.71696906
   19.52391214]
  [26.02807918 29.34542515 32.30878202 ... 28.50407137 25.62872429
   22.13344832]
  [29.4528741  33.28680089 36.4872038  ... 32.24563761 28.90487499
   24.91130434]
  ...
  [24.22268695 27.95422863 31.06174403 ... 27.3305089  24.74406299
   21.90525603]
  [21.6338513  25.02645493 27.59621649 ... 23.98810814 21.76206704
   19.37317684]
  [18.20369697 21.22054586 23.39547705 ... 20.58645822 18.91372015
   16.80019905]]

 [[22.53509957 25.05310966 27.65937917 ... 24.69104286 21.9589352
   19.2182652 ]
  [25.68556439 28.67391063 31.68044099 ... 28.04108413 24.93250153
   21.66686878]
  [28.60851817 31.89726825 35.13321758 ... 31.49234308 28.1102801
   24.37480888]
  ...
  [28.23138578 31.76884725 35.38020795 ... 28.7285687  24.50579871
   21.24283323]
  [25.53434483 28.57420676 31.70280443 ... 25.40417595 21.54559949
   18.74647166]
  [22.83286396 25.49091594 28.08623525 ... 21.48620005 18.15780478
   15.71837998]]

 [[25.16269226 29.31970671 32.01519872 ... 34.1977686  30.11477228
   26.19765064]
  [28.52914054 32.83414869 35.91823626 ... 37.97066207 33.42563575
   29.28412698]
  [32.0075268  36.67551557 39.99884914 ... 40.89560059 36.03908212
   31.74713653]
  ...
  [34.79114521 39.41847145 43.60278557 ... 35.96703648 32.69744457
   28.73614527]
  [31.03680276 34.95883887 38.78393147 ... 31.96715217 28.84845273
   25.49726233]
  [27.5091761  31.11031663 34.29446295 ... 28.40615144 25.81889094
   22.63799519]]]
rust_python == rust_parallel:  [[[ True  True  True ...  True  True  True]
  [ True  True  True ...  True  True  True]
  [ True  True  True ...  True  True  True]
  ...
  [ True  True  True ...  True  True  True]
  [ True  True  True ...  True  True  True]
  [ True  True  True ...  True  True  True]]

 [[ True  True  True ...  True  True  True]
  [ True  True  True ...  True  True  True]
  [ True  True  True ...  True  True  True]
  ...
  [ True  True  True ...  True  True  True]
  [ True  True  True ...  True  True  True]
  [ True  True  True ...  True  True  True]]

 [[ True  True  True ...  True  True  True]
  [ True  True  True ...  True  True  True]
  [ True  True  True ...  True  True  True]
  ...
  [ True  True  True ...  True  True  True]
  [ True  True  True ...  True  True  True]
  [ True  True  True ...  True  True  True]]

 ...

 [[ True  True  True ...  True  True  True]
  [ True  True  True ...  True  True  True]
  [ True  True  True ...  True  True  True]
  ...
  [ True  True  True ...  True  True  True]
  [ True  True  True ...  True  True  True]
  [ True  True  True ...  True  True  True]]

 [[ True  True  True ...  True  True  True]
  [ True  True  True ...  True  True  True]
  [ True  True  True ...  True  True  True]
  ...
  [ True  True  True ...  True  True  True]
  [ True  True  True ...  True  True  True]
  [ True  True  True ...  True  True  True]]

 [[ True  True  True ...  True  True  True]
  [ True  True  True ...  True  True  True]
  [ True  True  True ...  True  True  True]
  ...
  [ True  True  True ...  True  True  True]
  [ True  True  True ...  True  True  True]
  [ True  True  True ...  True  True  True]]]
t einsum=1158.458965
pp einsum: [[[15.34501251 17.6517224  19.27671629 ... 14.82302356 13.42289217
   11.77259324]
  [17.52497102 20.21200157 22.14904889 ... 17.36457025 15.6562358
   13.59403338]
  [19.68505763 22.70783922 24.98238849 ... 19.87035355 17.73036741
   15.43041902]
  ...
  [17.42994164 20.16936815 22.55856814 ... 23.2633028  20.39925084
   17.09862348]
  [15.42514475 17.96306995 20.02557758 ... 20.72368996 18.06062931
   15.13403649]
  [13.369104   15.47737633 17.3062648  ... 17.79545019 15.50132753
   12.98519053]]

 [[22.46034915 26.03928471 29.11958794 ... 23.76660822 21.7700645
   19.05005637]
  [25.59892595 29.51158258 32.96456346 ... 27.11275078 24.89664034
   21.68273409]
  [28.69086279 32.87575301 36.80284805 ... 30.13082984 27.69603858
   23.91982246]
  ...
  [24.20429593 27.91521036 31.01381351 ... 32.84580714 29.36407753
   25.92934197]
  [21.15343528 24.51449658 27.37603983 ... 29.45180608 26.44344858
   23.29674607]
  [17.74836868 20.52834004 23.10256845 ... 26.07890609 23.38167352
   20.5703353 ]]

 [[ 4.32827079  5.17393246  5.40567991 ...  4.4629464   3.92238239
    3.40216969]
  [ 5.31158147  6.11735612  6.61421979 ...  5.71299161  5.15253727
    4.29801991]
  [ 5.76366301  6.93119831  7.4832018  ...  6.74665274  6.21858643
    5.03134933]
  ...
  [ 4.83340969  6.29312584  7.46797124 ...  9.65690234  8.33944019
    6.31003059]
  [ 4.38117265  5.67376324  6.44980392 ...  8.45465107  7.45195418
    5.72707698]
  [ 3.57395925  4.6063382   5.04155551 ...  6.90297052  5.91200492
    4.89022107]]

 ...

 [[22.77694186 25.70520387 28.39252643 ... 25.39734555 22.71696906
   19.52391214]
  [26.02807918 29.34542515 32.30878202 ... 28.50407137 25.62872429
   22.13344832]
  [29.4528741  33.28680089 36.4872038  ... 32.24563761 28.90487499
   24.91130434]
  ...
  [24.22268695 27.95422863 31.06174403 ... 27.3305089  24.74406299
   21.90525603]
  [21.6338513  25.02645493 27.59621649 ... 23.98810814 21.76206704
   19.37317684]
  [18.20369697 21.22054586 23.39547705 ... 20.58645822 18.91372015
   16.80019905]]

 [[22.53509957 25.05310966 27.65937917 ... 24.69104286 21.9589352
   19.2182652 ]
  [25.68556439 28.67391063 31.68044099 ... 28.04108413 24.93250153
   21.66686878]
  [28.60851817 31.89726825 35.13321758 ... 31.49234308 28.1102801
   24.37480888]
  ...
  [28.23138578 31.76884725 35.38020795 ... 28.7285687  24.50579871
   21.24283323]
  [25.53434483 28.57420676 31.70280443 ... 25.40417595 21.54559949
   18.74647166]
  [22.83286396 25.49091594 28.08623525 ... 21.48620005 18.15780478
   15.71837998]]

 [[25.16269226 29.31970671 32.01519872 ... 34.1977686  30.11477228
   26.19765064]
  [28.52914054 32.83414869 35.91823626 ... 37.97066207 33.42563575
   29.28412698]
  [32.0075268  36.67551557 39.99884914 ... 40.89560059 36.03908212
   31.74713653]
  ...
  [34.79114521 39.41847145 43.60278557 ... 35.96703648 32.69744457
   28.73614527]
  [31.03680276 34.95883887 38.78393147 ... 31.96715217 28.84845273
   25.49726233]
  [27.5091761  31.11031663 34.29446295 ... 28.40615144 25.81889094
   22.63799519]]]
einsum / rust_python:  [[[1. 1. 1. ... 1. 1. 1.]
  [1. 1. 1. ... 1. 1. 1.]
  [1. 1. 1. ... 1. 1. 1.]
  ...
  [1. 1. 1. ... 1. 1. 1.]
  [1. 1. 1. ... 1. 1. 1.]
  [1. 1. 1. ... 1. 1. 1.]]

 [[1. 1. 1. ... 1. 1. 1.]
  [1. 1. 1. ... 1. 1. 1.]
  [1. 1. 1. ... 1. 1. 1.]
  ...
  [1. 1. 1. ... 1. 1. 1.]
  [1. 1. 1. ... 1. 1. 1.]
  [1. 1. 1. ... 1. 1. 1.]]

 [[1. 1. 1. ... 1. 1. 1.]
  [1. 1. 1. ... 1. 1. 1.]
  [1. 1. 1. ... 1. 1. 1.]
  ...
  [1. 1. 1. ... 1. 1. 1.]
  [1. 1. 1. ... 1. 1. 1.]
  [1. 1. 1. ... 1. 1. 1.]]

 ...

 [[1. 1. 1. ... 1. 1. 1.]
  [1. 1. 1. ... 1. 1. 1.]
  [1. 1. 1. ... 1. 1. 1.]
  ...
  [1. 1. 1. ... 1. 1. 1.]
  [1. 1. 1. ... 1. 1. 1.]
  [1. 1. 1. ... 1. 1. 1.]]

 [[1. 1. 1. ... 1. 1. 1.]
  [1. 1. 1. ... 1. 1. 1.]
  [1. 1. 1. ... 1. 1. 1.]
  ...
  [1. 1. 1. ... 1. 1. 1.]
  [1. 1. 1. ... 1. 1. 1.]
  [1. 1. 1. ... 1. 1. 1.]]

 [[1. 1. 1. ... 1. 1. 1.]
  [1. 1. 1. ... 1. 1. 1.]
  [1. 1. 1. ... 1. 1. 1.]
  ...
  [1. 1. 1. ... 1. 1. 1.]
  [1. 1. 1. ... 1. 1. 1.]
  [1. 1. 1. ... 1. 1. 1.]]]
einsum == rust_python:  [[[False  True  True ... False False False]
  [ True False False ... False False  True]
  [ True False False ...  True False False]
  ...
  [False False False ... False False False]
  [False  True False ... False  True False]
  [False False False ...  True False False]]

 [[False False False ... False False False]
  [ True False False ...  True False False]
  [False  True False ... False False False]
  ...
  [False False False ... False False False]
  [False  True False ...  True False False]
  [ True False False ... False False  True]]

 [[ True False False ... False False  True]
  [False False  True ... False False False]
  [False False False ... False False False]
  ...
  [ True False False ...  True False False]
  [False False False ... False  True  True]
  [False False False ... False False False]]

 ...

 [[ True False False ... False False  True]
  [False False False ... False False False]
  [False False  True ...  True False False]
  ...
  [False False False ... False False False]
  [ True  True False ... False  True  True]
  [ True False False ... False False False]]

 [[False False False ... False False  True]
  [False False False ... False False False]
  [False False False ... False  True False]
  ...
  [False False False ... False False False]
  [False False False ... False False False]
  [False  True False ...  True False False]]

 [[False False  True ... False False False]
  [False  True  True ... False False False]
  [False  True False ... False False False]
  ...
  [False False False ... False False False]
  [False  True False ... False False  True]
  [ True False  True ... False False  True]]]


t rust_python=3.153327
pp rust_python: [[[15.34501251 17.6517224  19.27671629 ... 14.82302356 13.42289217
   11.77259324]
  [17.52497102 20.21200157 22.14904889 ... 17.36457025 15.6562358
   13.59403338]
  [19.68505763 22.70783922 24.98238849 ... 19.87035355 17.73036741
   15.43041902]
  ...
  [17.42994164 20.16936815 22.55856814 ... 23.2633028  20.39925084
   17.09862348]
  [15.42514475 17.96306995 20.02557758 ... 20.72368996 18.06062931
   15.13403649]
  [13.369104   15.47737633 17.3062648  ... 17.79545019 15.50132753
   12.98519053]]

 [[22.46034915 26.03928471 29.11958794 ... 23.76660822 21.7700645
   19.05005637]
  [25.59892595 29.51158258 32.96456346 ... 27.11275078 24.89664034
   21.68273409]
  [28.69086279 32.87575301 36.80284805 ... 30.13082984 27.69603858
   23.91982246]
  ...
  [24.20429593 27.91521036 31.01381351 ... 32.84580714 29.36407753
   25.92934197]
  [21.15343528 24.51449658 27.37603983 ... 29.45180608 26.44344858
   23.29674607]
  [17.74836868 20.52834004 23.10256845 ... 26.07890609 23.38167352
   20.5703353 ]]

 [[ 4.32827079  5.17393246  5.40567991 ...  4.4629464   3.92238239
    3.40216969]
  [ 5.31158147  6.11735612  6.61421979 ...  5.71299161  5.15253727
    4.29801991]
  [ 5.76366301  6.93119831  7.4832018  ...  6.74665274  6.21858643
    5.03134933]
  ...
  [ 4.83340969  6.29312584  7.46797124 ...  9.65690234  8.33944019
    6.31003059]
  [ 4.38117265  5.67376324  6.44980392 ...  8.45465107  7.45195418
    5.72707698]
  [ 3.57395925  4.6063382   5.04155551 ...  6.90297052  5.91200492
    4.89022107]]

 ...

 [[22.77694186 25.70520387 28.39252643 ... 25.39734555 22.71696906
   19.52391214]
  [26.02807918 29.34542515 32.30878202 ... 28.50407137 25.62872429
   22.13344832]
  [29.4528741  33.28680089 36.4872038  ... 32.24563761 28.90487499
   24.91130434]
  ...
  [24.22268695 27.95422863 31.06174403 ... 27.3305089  24.74406299
   21.90525603]
  [21.6338513  25.02645493 27.59621649 ... 23.98810814 21.76206704
   19.37317684]
  [18.20369697 21.22054586 23.39547705 ... 20.58645822 18.91372015
   16.80019905]]

 [[22.53509957 25.05310966 27.65937917 ... 24.69104286 21.9589352
   19.2182652 ]
  [25.68556439 28.67391063 31.68044099 ... 28.04108413 24.93250153
   21.66686878]
  [28.60851817 31.89726825 35.13321758 ... 31.49234308 28.1102801
   24.37480888]
  ...
  [28.23138578 31.76884725 35.38020795 ... 28.7285687  24.50579871
   21.24283323]
  [25.53434483 28.57420676 31.70280443 ... 25.40417595 21.54559949
   18.74647166]
  [22.83286396 25.49091594 28.08623525 ... 21.48620005 18.15780478
   15.71837998]]

 [[25.16269226 29.31970671 32.01519872 ... 34.1977686  30.11477228
   26.19765064]
  [28.52914054 32.83414869 35.91823626 ... 37.97066207 33.42563575
   29.28412698]
  [32.0075268  36.67551557 39.99884914 ... 40.89560059 36.03908212
   31.74713653]
  ...
  [34.79114521 39.41847145 43.60278557 ... 35.96703648 32.69744457
   28.73614527]
  [31.03680276 34.95883887 38.78393147 ... 31.96715217 28.84845273
   25.49726233]
  [27.5091761  31.11031663 34.29446295 ... 28.40615144 25.81889094
   22.63799519]]]
t rust_parallel=0.190951
pp rust_parallel: [[[15.34501251 17.6517224  19.27671629 ... 14.82302356 13.42289217
   11.77259324]
  [17.52497102 20.21200157 22.14904889 ... 17.36457025 15.6562358
   13.59403338]
  [19.68505763 22.70783922 24.98238849 ... 19.87035355 17.73036741
   15.43041902]
  ...
  [17.42994164 20.16936815 22.55856814 ... 23.2633028  20.39925084
   17.09862348]
  [15.42514475 17.96306995 20.02557758 ... 20.72368996 18.06062931
   15.13403649]
  [13.369104   15.47737633 17.3062648  ... 17.79545019 15.50132753
   12.98519053]]

 [[22.46034915 26.03928471 29.11958794 ... 23.76660822 21.7700645
   19.05005637]
  [25.59892595 29.51158258 32.96456346 ... 27.11275078 24.89664034
   21.68273409]
  [28.69086279 32.87575301 36.80284805 ... 30.13082984 27.69603858
   23.91982246]
  ...
  [24.20429593 27.91521036 31.01381351 ... 32.84580714 29.36407753
   25.92934197]
  [21.15343528 24.51449658 27.37603983 ... 29.45180608 26.44344858
   23.29674607]
  [17.74836868 20.52834004 23.10256845 ... 26.07890609 23.38167352
   20.5703353 ]]

 [[ 4.32827079  5.17393246  5.40567991 ...  4.4629464   3.92238239
    3.40216969]
  [ 5.31158147  6.11735612  6.61421979 ...  5.71299161  5.15253727
    4.29801991]
  [ 5.76366301  6.93119831  7.4832018  ...  6.74665274  6.21858643
    5.03134933]
  ...
  [ 4.83340969  6.29312584  7.46797124 ...  9.65690234  8.33944019
    6.31003059]
  [ 4.38117265  5.67376324  6.44980392 ...  8.45465107  7.45195418
    5.72707698]
  [ 3.57395925  4.6063382   5.04155551 ...  6.90297052  5.91200492
    4.89022107]]

 ...

 [[22.77694186 25.70520387 28.39252643 ... 25.39734555 22.71696906
   19.52391214]
  [26.02807918 29.34542515 32.30878202 ... 28.50407137 25.62872429
   22.13344832]
  [29.4528741  33.28680089 36.4872038  ... 32.24563761 28.90487499
   24.91130434]
  ...
  [24.22268695 27.95422863 31.06174403 ... 27.3305089  24.74406299
   21.90525603]
  [21.6338513  25.02645493 27.59621649 ... 23.98810814 21.76206704
   19.37317684]
  [18.20369697 21.22054586 23.39547705 ... 20.58645822 18.91372015
   16.80019905]]

 [[22.53509957 25.05310966 27.65937917 ... 24.69104286 21.9589352
   19.2182652 ]
  [25.68556439 28.67391063 31.68044099 ... 28.04108413 24.93250153
   21.66686878]
  [28.60851817 31.89726825 35.13321758 ... 31.49234308 28.1102801
   24.37480888]
  ...
  [28.23138578 31.76884725 35.38020795 ... 28.7285687  24.50579871
   21.24283323]
  [25.53434483 28.57420676 31.70280443 ... 25.40417595 21.54559949
   18.74647166]
  [22.83286396 25.49091594 28.08623525 ... 21.48620005 18.15780478
   15.71837998]]

 [[25.16269226 29.31970671 32.01519872 ... 34.1977686  30.11477228
   26.19765064]
  [28.52914054 32.83414869 35.91823626 ... 37.97066207 33.42563575
   29.28412698]
  [32.0075268  36.67551557 39.99884914 ... 40.89560059 36.03908212
   31.74713653]
  ...
  [34.79114521 39.41847145 43.60278557 ... 35.96703648 32.69744457
   28.73614527]
  [31.03680276 34.95883887 38.78393147 ... 31.96715217 28.84845273
   25.49726233]
  [27.5091761  31.11031663 34.29446295 ... 28.40615144 25.81889094
   22.63799519]]]
rust_python == rust_parallel:  [[[ True  True  True ...  True  True  True]
  [ True  True  True ...  True  True  True]
  [ True  True  True ...  True  True  True]
  ...
  [ True  True  True ...  True  True  True]
  [ True  True  True ...  True  True  True]
  [ True  True  True ...  True  True  True]]

 [[ True  True  True ...  True  True  True]
  [ True  True  True ...  True  True  True]
  [ True  True  True ...  True  True  True]
  ...
  [ True  True  True ...  True  True  True]
  [ True  True  True ...  True  True  True]
  [ True  True  True ...  True  True  True]]

 [[ True  True  True ...  True  True  True]
  [ True  True  True ...  True  True  True]
  [ True  True  True ...  True  True  True]
  ...
  [ True  True  True ...  True  True  True]
  [ True  True  True ...  True  True  True]
  [ True  True  True ...  True  True  True]]

 ...

 [[ True  True  True ...  True  True  True]
  [ True  True  True ...  True  True  True]
  [ True  True  True ...  True  True  True]
  ...
  [ True  True  True ...  True  True  True]
  [ True  True  True ...  True  True  True]
  [ True  True  True ...  True  True  True]]

 [[ True  True  True ...  True  True  True]
  [ True  True  True ...  True  True  True]
  [ True  True  True ...  True  True  True]
  ...
  [ True  True  True ...  True  True  True]
  [ True  True  True ...  True  True  True]
  [ True  True  True ...  True  True  True]]

 [[ True  True  True ...  True  True  True]
  [ True  True  True ...  True  True  True]
  [ True  True  True ...  True  True  True]
  ...
  [ True  True  True ...  True  True  True]
  [ True  True  True ...  True  True  True]
  [ True  True  True ...  True  True  True]]]
t einsum=1160.157290
pp einsum: [[[15.34501251 17.6517224  19.27671629 ... 14.82302356 13.42289217
   11.77259324]
  [17.52497102 20.21200157 22.14904889 ... 17.36457025 15.6562358
   13.59403338]
  [19.68505763 22.70783922 24.98238849 ... 19.87035355 17.73036741
   15.43041902]
  ...
  [17.42994164 20.16936815 22.55856814 ... 23.2633028  20.39925084
   17.09862348]
  [15.42514475 17.96306995 20.02557758 ... 20.72368996 18.06062931
   15.13403649]
  [13.369104   15.47737633 17.3062648  ... 17.79545019 15.50132753
   12.98519053]]

 [[22.46034915 26.03928471 29.11958794 ... 23.76660822 21.7700645
   19.05005637]
  [25.59892595 29.51158258 32.96456346 ... 27.11275078 24.89664034
   21.68273409]
  [28.69086279 32.87575301 36.80284805 ... 30.13082984 27.69603858
   23.91982246]
  ...
  [24.20429593 27.91521036 31.01381351 ... 32.84580714 29.36407753
   25.92934197]
  [21.15343528 24.51449658 27.37603983 ... 29.45180608 26.44344858
   23.29674607]
  [17.74836868 20.52834004 23.10256845 ... 26.07890609 23.38167352
   20.5703353 ]]

 [[ 4.32827079  5.17393246  5.40567991 ...  4.4629464   3.92238239
    3.40216969]
  [ 5.31158147  6.11735612  6.61421979 ...  5.71299161  5.15253727
    4.29801991]
  [ 5.76366301  6.93119831  7.4832018  ...  6.74665274  6.21858643
    5.03134933]
  ...
  [ 4.83340969  6.29312584  7.46797124 ...  9.65690234  8.33944019
    6.31003059]
  [ 4.38117265  5.67376324  6.44980392 ...  8.45465107  7.45195418
    5.72707698]
  [ 3.57395925  4.6063382   5.04155551 ...  6.90297052  5.91200492
    4.89022107]]

 ...

 [[22.77694186 25.70520387 28.39252643 ... 25.39734555 22.71696906
   19.52391214]
  [26.02807918 29.34542515 32.30878202 ... 28.50407137 25.62872429
   22.13344832]
  [29.4528741  33.28680089 36.4872038  ... 32.24563761 28.90487499
   24.91130434]
  ...
  [24.22268695 27.95422863 31.06174403 ... 27.3305089  24.74406299
   21.90525603]
  [21.6338513  25.02645493 27.59621649 ... 23.98810814 21.76206704
   19.37317684]
  [18.20369697 21.22054586 23.39547705 ... 20.58645822 18.91372015
   16.80019905]]

 [[22.53509957 25.05310966 27.65937917 ... 24.69104286 21.9589352
   19.2182652 ]
  [25.68556439 28.67391063 31.68044099 ... 28.04108413 24.93250153
   21.66686878]
  [28.60851817 31.89726825 35.13321758 ... 31.49234308 28.1102801
   24.37480888]
  ...
  [28.23138578 31.76884725 35.38020795 ... 28.7285687  24.50579871
   21.24283323]
  [25.53434483 28.57420676 31.70280443 ... 25.40417595 21.54559949
   18.74647166]
  [22.83286396 25.49091594 28.08623525 ... 21.48620005 18.15780478
   15.71837998]]

 [[25.16269226 29.31970671 32.01519872 ... 34.1977686  30.11477228
   26.19765064]
  [28.52914054 32.83414869 35.91823626 ... 37.97066207 33.42563575
   29.28412698]
  [32.0075268  36.67551557 39.99884914 ... 40.89560059 36.03908212
   31.74713653]
  ...
  [34.79114521 39.41847145 43.60278557 ... 35.96703648 32.69744457
   28.73614527]
  [31.03680276 34.95883887 38.78393147 ... 31.96715217 28.84845273
   25.49726233]
  [27.5091761  31.11031663 34.29446295 ... 28.40615144 25.81889094
   22.63799519]]]
einsum / rust_python:  [[[1. 1. 1. ... 1. 1. 1.]
  [1. 1. 1. ... 1. 1. 1.]
  [1. 1. 1. ... 1. 1. 1.]
  ...
  [1. 1. 1. ... 1. 1. 1.]
  [1. 1. 1. ... 1. 1. 1.]
  [1. 1. 1. ... 1. 1. 1.]]

 [[1. 1. 1. ... 1. 1. 1.]
  [1. 1. 1. ... 1. 1. 1.]
  [1. 1. 1. ... 1. 1. 1.]
  ...
  [1. 1. 1. ... 1. 1. 1.]
  [1. 1. 1. ... 1. 1. 1.]
  [1. 1. 1. ... 1. 1. 1.]]

 [[1. 1. 1. ... 1. 1. 1.]
  [1. 1. 1. ... 1. 1. 1.]
  [1. 1. 1. ... 1. 1. 1.]
  ...
  [1. 1. 1. ... 1. 1. 1.]
  [1. 1. 1. ... 1. 1. 1.]
  [1. 1. 1. ... 1. 1. 1.]]

 ...

 [[1. 1. 1. ... 1. 1. 1.]
  [1. 1. 1. ... 1. 1. 1.]
  [1. 1. 1. ... 1. 1. 1.]
  ...
  [1. 1. 1. ... 1. 1. 1.]
  [1. 1. 1. ... 1. 1. 1.]
  [1. 1. 1. ... 1. 1. 1.]]

 [[1. 1. 1. ... 1. 1. 1.]
  [1. 1. 1. ... 1. 1. 1.]
  [1. 1. 1. ... 1. 1. 1.]
  ...
  [1. 1. 1. ... 1. 1. 1.]
  [1. 1. 1. ... 1. 1. 1.]
  [1. 1. 1. ... 1. 1. 1.]]

 [[1. 1. 1. ... 1. 1. 1.]
  [1. 1. 1. ... 1. 1. 1.]
  [1. 1. 1. ... 1. 1. 1.]
  ...
  [1. 1. 1. ... 1. 1. 1.]
  [1. 1. 1. ... 1. 1. 1.]
  [1. 1. 1. ... 1. 1. 1.]]]
einsum == rust_python:  [[[False  True  True ... False False False]
  [ True False False ... False False  True]
  [ True False False ...  True False False]
  ...
  [False False False ... False False False]
  [False  True False ... False  True False]
  [False False False ...  True False False]]

 [[False False False ... False False False]
  [ True False False ...  True False False]
  [False  True False ... False False False]
  ...
  [False False False ... False False False]
  [False  True False ...  True False False]
  [ True False False ... False False  True]]

 [[ True False False ... False False  True]
  [False False  True ... False False False]
  [False False False ... False False False]
  ...
  [ True False False ...  True False False]
  [False False False ... False  True  True]
  [False False False ... False False False]]

 ...

 [[ True False False ... False False  True]
  [False False False ... False False False]
  [False False  True ...  True False False]
  ...
  [False False False ... False False False]
  [ True  True False ... False  True  True]
  [ True False False ... False False False]]

 [[False False False ... False False  True]
  [False False False ... False False False]
  [False False False ... False  True False]
  ...
  [False False False ... False False False]
  [False False False ... False False False]
  [False  True False ...  True False False]]

 [[False False  True ... False False False]
  [False  True  True ... False False False]
  [False  True False ... False False False]
  ...
  [False False False ... False False False]
  [False  True False ... False False  True]
  [ True False  True ... False False  True]]]


         115982 function calls (114350 primitive calls) in 1163.581 seconds

   Ordered by: internal time
   List reduced from 216 to 15 due to restriction <15>

   ncalls  tottime  percall  cumtime  percall filename:lineno(function)
      180  406.893    2.261  443.379    2.463 _umath.py:569(_get_func_coords_data)
      240  267.319    1.114  550.219    2.293 core.py:1284(_sort_indices)
       60  144.707    2.412  144.707    2.412 {method 'argsort' of 'numpy.ndarray' objects}
      300  129.545    0.432  129.545    0.432 common.py:57(linear_loc)
      180   88.599    0.492  654.605    3.637 _umath.py:457(get_result)
      300   34.877    0.116   34.879    0.116 function_base.py:1324(diff)
      420   30.362    0.072   30.375    0.072 _utils.py:409(equivalent)
       60   25.118    0.419  498.430    8.307 _common.py:1303(_einsum_single)
       60    8.937    0.149   44.304    0.738 core.py:1309(_sum_duplicates)
      180    6.041    0.034    6.041    0.034 {method 'astype' of 'numpy.ndarray' objects}
       60    4.066    0.068    4.066    0.068 {method 'reduceat' of 'numpy.ufunc' objects}
      668    3.452    0.005    3.452    0.005 {method 'reduce' of 'numpy.ufunc' objects}
      180    3.199    0.018  657.894    3.655 _umath.py:13(elemwise)
       60    3.115    0.052    3.115    0.052 {method 'apply' of 'builtins.DispersalDistancesThreshold' objects}
        1    2.150    2.150 1160.157 1160.157 performance-check.py:55(bench_einsum)


t rust_parallel=0.207122
pp rust_parallel: [[[15.34501251 17.6517224  19.27671629 ... 14.82302356 13.42289217
   11.77259324]
  [17.52497102 20.21200157 22.14904889 ... 17.36457025 15.6562358
   13.59403338]
  [19.68505763 22.70783922 24.98238849 ... 19.87035355 17.73036741
   15.43041902]
  ...
  [17.42994164 20.16936815 22.55856814 ... 23.2633028  20.39925084
   17.09862348]
  [15.42514475 17.96306995 20.02557758 ... 20.72368996 18.06062931
   15.13403649]
  [13.369104   15.47737633 17.3062648  ... 17.79545019 15.50132753
   12.98519053]]

 [[22.46034915 26.03928471 29.11958794 ... 23.76660822 21.7700645
   19.05005637]
  [25.59892595 29.51158258 32.96456346 ... 27.11275078 24.89664034
   21.68273409]
  [28.69086279 32.87575301 36.80284805 ... 30.13082984 27.69603858
   23.91982246]
  ...
  [24.20429593 27.91521036 31.01381351 ... 32.84580714 29.36407753
   25.92934197]
  [21.15343528 24.51449658 27.37603983 ... 29.45180608 26.44344858
   23.29674607]
  [17.74836868 20.52834004 23.10256845 ... 26.07890609 23.38167352
   20.5703353 ]]

 [[ 4.32827079  5.17393246  5.40567991 ...  4.4629464   3.92238239
    3.40216969]
  [ 5.31158147  6.11735612  6.61421979 ...  5.71299161  5.15253727
    4.29801991]
  [ 5.76366301  6.93119831  7.4832018  ...  6.74665274  6.21858643
    5.03134933]
  ...
  [ 4.83340969  6.29312584  7.46797124 ...  9.65690234  8.33944019
    6.31003059]
  [ 4.38117265  5.67376324  6.44980392 ...  8.45465107  7.45195418
    5.72707698]
  [ 3.57395925  4.6063382   5.04155551 ...  6.90297052  5.91200492
    4.89022107]]

 ...

 [[22.77694186 25.70520387 28.39252643 ... 25.39734555 22.71696906
   19.52391214]
  [26.02807918 29.34542515 32.30878202 ... 28.50407137 25.62872429
   22.13344832]
  [29.4528741  33.28680089 36.4872038  ... 32.24563761 28.90487499
   24.91130434]
  ...
  [24.22268695 27.95422863 31.06174403 ... 27.3305089  24.74406299
   21.90525603]
  [21.6338513  25.02645493 27.59621649 ... 23.98810814 21.76206704
   19.37317684]
  [18.20369697 21.22054586 23.39547705 ... 20.58645822 18.91372015
   16.80019905]]

 [[22.53509957 25.05310966 27.65937917 ... 24.69104286 21.9589352
   19.2182652 ]
  [25.68556439 28.67391063 31.68044099 ... 28.04108413 24.93250153
   21.66686878]
  [28.60851817 31.89726825 35.13321758 ... 31.49234308 28.1102801
   24.37480888]
  ...
  [28.23138578 31.76884725 35.38020795 ... 28.7285687  24.50579871
   21.24283323]
  [25.53434483 28.57420676 31.70280443 ... 25.40417595 21.54559949
   18.74647166]
  [22.83286396 25.49091594 28.08623525 ... 21.48620005 18.15780478
   15.71837998]]

 [[25.16269226 29.31970671 32.01519872 ... 34.1977686  30.11477228
   26.19765064]
  [28.52914054 32.83414869 35.91823626 ... 37.97066207 33.42563575
   29.28412698]
  [32.0075268  36.67551557 39.99884914 ... 40.89560059 36.03908212
   31.74713653]
  ...
  [34.79114521 39.41847145 43.60278557 ... 35.96703648 32.69744457
   28.73614527]
  [31.03680276 34.95883887 38.78393147 ... 31.96715217 28.84845273
   25.49726233]
  [27.5091761  31.11031663 34.29446295 ... 28.40615144 25.81889094
   22.63799519]]]
t rust_parallel=0.209051
pp rust_parallel: [[[15.34501251 17.6517224  19.27671629 ... 14.82302356 13.42289217
   11.77259324]
  [17.52497102 20.21200157 22.14904889 ... 17.36457025 15.6562358
   13.59403338]
  [19.68505763 22.70783922 24.98238849 ... 19.87035355 17.73036741
   15.43041902]
  ...
  [17.42994164 20.16936815 22.55856814 ... 23.2633028  20.39925084
   17.09862348]
  [15.42514475 17.96306995 20.02557758 ... 20.72368996 18.06062931
   15.13403649]
  [13.369104   15.47737633 17.3062648  ... 17.79545019 15.50132753
   12.98519053]]

 [[22.46034915 26.03928471 29.11958794 ... 23.76660822 21.7700645
   19.05005637]
  [25.59892595 29.51158258 32.96456346 ... 27.11275078 24.89664034
   21.68273409]
  [28.69086279 32.87575301 36.80284805 ... 30.13082984 27.69603858
   23.91982246]
  ...
  [24.20429593 27.91521036 31.01381351 ... 32.84580714 29.36407753
   25.92934197]
  [21.15343528 24.51449658 27.37603983 ... 29.45180608 26.44344858
   23.29674607]
  [17.74836868 20.52834004 23.10256845 ... 26.07890609 23.38167352
   20.5703353 ]]

 [[ 4.32827079  5.17393246  5.40567991 ...  4.4629464   3.92238239
    3.40216969]
  [ 5.31158147  6.11735612  6.61421979 ...  5.71299161  5.15253727
    4.29801991]
  [ 5.76366301  6.93119831  7.4832018  ...  6.74665274  6.21858643
    5.03134933]
  ...
  [ 4.83340969  6.29312584  7.46797124 ...  9.65690234  8.33944019
    6.31003059]
  [ 4.38117265  5.67376324  6.44980392 ...  8.45465107  7.45195418
    5.72707698]
  [ 3.57395925  4.6063382   5.04155551 ...  6.90297052  5.91200492
    4.89022107]]

 ...

 [[22.77694186 25.70520387 28.39252643 ... 25.39734555 22.71696906
   19.52391214]
  [26.02807918 29.34542515 32.30878202 ... 28.50407137 25.62872429
   22.13344832]
  [29.4528741  33.28680089 36.4872038  ... 32.24563761 28.90487499
   24.91130434]
  ...
  [24.22268695 27.95422863 31.06174403 ... 27.3305089  24.74406299
   21.90525603]
  [21.6338513  25.02645493 27.59621649 ... 23.98810814 21.76206704
   19.37317684]
  [18.20369697 21.22054586 23.39547705 ... 20.58645822 18.91372015
   16.80019905]]

 [[22.53509957 25.05310966 27.65937917 ... 24.69104286 21.9589352
   19.2182652 ]
  [25.68556439 28.67391063 31.68044099 ... 28.04108413 24.93250153
   21.66686878]
  [28.60851817 31.89726825 35.13321758 ... 31.49234308 28.1102801
   24.37480888]
  ...
  [28.23138578 31.76884725 35.38020795 ... 28.7285687  24.50579871
   21.24283323]
  [25.53434483 28.57420676 31.70280443 ... 25.40417595 21.54559949
   18.74647166]
  [22.83286396 25.49091594 28.08623525 ... 21.48620005 18.15780478
   15.71837998]]

 [[25.16269226 29.31970671 32.01519872 ... 34.1977686  30.11477228
   26.19765064]
  [28.52914054 32.83414869 35.91823626 ... 37.97066207 33.42563575
   29.28412698]
  [32.0075268  36.67551557 39.99884914 ... 40.89560059 36.03908212
   31.74713653]
  ...
  [34.79114521 39.41847145 43.60278557 ... 35.96703648 32.69744457
   28.73614527]
  [31.03680276 34.95883887 38.78393147 ... 31.96715217 28.84845273
   25.49726233]
  [27.5091761  31.11031663 34.29446295 ... 28.40615144 25.81889094
   22.63799519]]]
t rust_parallel=0.200414
pp rust_parallel: [[[15.34501251 17.6517224  19.27671629 ... 14.82302356 13.42289217
   11.77259324]
  [17.52497102 20.21200157 22.14904889 ... 17.36457025 15.6562358
   13.59403338]
  [19.68505763 22.70783922 24.98238849 ... 19.87035355 17.73036741
   15.43041902]
  ...
  [17.42994164 20.16936815 22.55856814 ... 23.2633028  20.39925084
   17.09862348]
  [15.42514475 17.96306995 20.02557758 ... 20.72368996 18.06062931
   15.13403649]
  [13.369104   15.47737633 17.3062648  ... 17.79545019 15.50132753
   12.98519053]]

 [[22.46034915 26.03928471 29.11958794 ... 23.76660822 21.7700645
   19.05005637]
  [25.59892595 29.51158258 32.96456346 ... 27.11275078 24.89664034
   21.68273409]
  [28.69086279 32.87575301 36.80284805 ... 30.13082984 27.69603858
   23.91982246]
  ...
  [24.20429593 27.91521036 31.01381351 ... 32.84580714 29.36407753
   25.92934197]
  [21.15343528 24.51449658 27.37603983 ... 29.45180608 26.44344858
   23.29674607]
  [17.74836868 20.52834004 23.10256845 ... 26.07890609 23.38167352
   20.5703353 ]]

 [[ 4.32827079  5.17393246  5.40567991 ...  4.4629464   3.92238239
    3.40216969]
  [ 5.31158147  6.11735612  6.61421979 ...  5.71299161  5.15253727
    4.29801991]
  [ 5.76366301  6.93119831  7.4832018  ...  6.74665274  6.21858643
    5.03134933]
  ...
  [ 4.83340969  6.29312584  7.46797124 ...  9.65690234  8.33944019
    6.31003059]
  [ 4.38117265  5.67376324  6.44980392 ...  8.45465107  7.45195418
    5.72707698]
  [ 3.57395925  4.6063382   5.04155551 ...  6.90297052  5.91200492
    4.89022107]]

 ...

 [[22.77694186 25.70520387 28.39252643 ... 25.39734555 22.71696906
   19.52391214]
  [26.02807918 29.34542515 32.30878202 ... 28.50407137 25.62872429
   22.13344832]
  [29.4528741  33.28680089 36.4872038  ... 32.24563761 28.90487499
   24.91130434]
  ...
  [24.22268695 27.95422863 31.06174403 ... 27.3305089  24.74406299
   21.90525603]
  [21.6338513  25.02645493 27.59621649 ... 23.98810814 21.76206704
   19.37317684]
  [18.20369697 21.22054586 23.39547705 ... 20.58645822 18.91372015
   16.80019905]]

 [[22.53509957 25.05310966 27.65937917 ... 24.69104286 21.9589352
   19.2182652 ]
  [25.68556439 28.67391063 31.68044099 ... 28.04108413 24.93250153
   21.66686878]
  [28.60851817 31.89726825 35.13321758 ... 31.49234308 28.1102801
   24.37480888]
  ...
  [28.23138578 31.76884725 35.38020795 ... 28.7285687  24.50579871
   21.24283323]
  [25.53434483 28.57420676 31.70280443 ... 25.40417595 21.54559949
   18.74647166]
  [22.83286396 25.49091594 28.08623525 ... 21.48620005 18.15780478
   15.71837998]]

 [[25.16269226 29.31970671 32.01519872 ... 34.1977686  30.11477228
   26.19765064]
  [28.52914054 32.83414869 35.91823626 ... 37.97066207 33.42563575
   29.28412698]
  [32.0075268  36.67551557 39.99884914 ... 40.89560059 36.03908212
   31.74713653]
  ...
  [34.79114521 39.41847145 43.60278557 ... 35.96703648 32.69744457
   28.73614527]
  [31.03680276 34.95883887 38.78393147 ... 31.96715217 28.84845273
   25.49726233]
  [27.5091761  31.11031663 34.29446295 ... 28.40615144 25.81889094
   22.63799519]]]
t rust_parallel=0.191206
pp rust_parallel: [[[15.34501251 17.6517224  19.27671629 ... 14.82302356 13.42289217
   11.77259324]
  [17.52497102 20.21200157 22.14904889 ... 17.36457025 15.6562358
   13.59403338]
  [19.68505763 22.70783922 24.98238849 ... 19.87035355 17.73036741
   15.43041902]
  ...
  [17.42994164 20.16936815 22.55856814 ... 23.2633028  20.39925084
   17.09862348]
  [15.42514475 17.96306995 20.02557758 ... 20.72368996 18.06062931
   15.13403649]
  [13.369104   15.47737633 17.3062648  ... 17.79545019 15.50132753
   12.98519053]]

 [[22.46034915 26.03928471 29.11958794 ... 23.76660822 21.7700645
   19.05005637]
  [25.59892595 29.51158258 32.96456346 ... 27.11275078 24.89664034
   21.68273409]
  [28.69086279 32.87575301 36.80284805 ... 30.13082984 27.69603858
   23.91982246]
  ...
  [24.20429593 27.91521036 31.01381351 ... 32.84580714 29.36407753
   25.92934197]
  [21.15343528 24.51449658 27.37603983 ... 29.45180608 26.44344858
   23.29674607]
  [17.74836868 20.52834004 23.10256845 ... 26.07890609 23.38167352
   20.5703353 ]]

 [[ 4.32827079  5.17393246  5.40567991 ...  4.4629464   3.92238239
    3.40216969]
  [ 5.31158147  6.11735612  6.61421979 ...  5.71299161  5.15253727
    4.29801991]
  [ 5.76366301  6.93119831  7.4832018  ...  6.74665274  6.21858643
    5.03134933]
  ...
  [ 4.83340969  6.29312584  7.46797124 ...  9.65690234  8.33944019
    6.31003059]
  [ 4.38117265  5.67376324  6.44980392 ...  8.45465107  7.45195418
    5.72707698]
  [ 3.57395925  4.6063382   5.04155551 ...  6.90297052  5.91200492
    4.89022107]]

 ...

 [[22.77694186 25.70520387 28.39252643 ... 25.39734555 22.71696906
   19.52391214]
  [26.02807918 29.34542515 32.30878202 ... 28.50407137 25.62872429
   22.13344832]
  [29.4528741  33.28680089 36.4872038  ... 32.24563761 28.90487499
   24.91130434]
  ...
  [24.22268695 27.95422863 31.06174403 ... 27.3305089  24.74406299
   21.90525603]
  [21.6338513  25.02645493 27.59621649 ... 23.98810814 21.76206704
   19.37317684]
  [18.20369697 21.22054586 23.39547705 ... 20.58645822 18.91372015
   16.80019905]]

 [[22.53509957 25.05310966 27.65937917 ... 24.69104286 21.9589352
   19.2182652 ]
  [25.68556439 28.67391063 31.68044099 ... 28.04108413 24.93250153
   21.66686878]
  [28.60851817 31.89726825 35.13321758 ... 31.49234308 28.1102801
   24.37480888]
  ...
  [28.23138578 31.76884725 35.38020795 ... 28.7285687  24.50579871
   21.24283323]
  [25.53434483 28.57420676 31.70280443 ... 25.40417595 21.54559949
   18.74647166]
  [22.83286396 25.49091594 28.08623525 ... 21.48620005 18.15780478
   15.71837998]]

 [[25.16269226 29.31970671 32.01519872 ... 34.1977686  30.11477228
   26.19765064]
  [28.52914054 32.83414869 35.91823626 ... 37.97066207 33.42563575
   29.28412698]
  [32.0075268  36.67551557 39.99884914 ... 40.89560059 36.03908212
   31.74713653]
  ...
  [34.79114521 39.41847145 43.60278557 ... 35.96703648 32.69744457
   28.73614527]
  [31.03680276 34.95883887 38.78393147 ... 31.96715217 28.84845273
   25.49726233]
  [27.5091761  31.11031663 34.29446295 ... 28.40615144 25.81889094
   22.63799519]]]
t rust_parallel=0.191688
pp rust_parallel: [[[15.34501251 17.6517224  19.27671629 ... 14.82302356 13.42289217
   11.77259324]
  [17.52497102 20.21200157 22.14904889 ... 17.36457025 15.6562358
   13.59403338]
  [19.68505763 22.70783922 24.98238849 ... 19.87035355 17.73036741
   15.43041902]
  ...
  [17.42994164 20.16936815 22.55856814 ... 23.2633028  20.39925084
   17.09862348]
  [15.42514475 17.96306995 20.02557758 ... 20.72368996 18.06062931
   15.13403649]
  [13.369104   15.47737633 17.3062648  ... 17.79545019 15.50132753
   12.98519053]]

 [[22.46034915 26.03928471 29.11958794 ... 23.76660822 21.7700645
   19.05005637]
  [25.59892595 29.51158258 32.96456346 ... 27.11275078 24.89664034
   21.68273409]
  [28.69086279 32.87575301 36.80284805 ... 30.13082984 27.69603858
   23.91982246]
  ...
  [24.20429593 27.91521036 31.01381351 ... 32.84580714 29.36407753
   25.92934197]
  [21.15343528 24.51449658 27.37603983 ... 29.45180608 26.44344858
   23.29674607]
  [17.74836868 20.52834004 23.10256845 ... 26.07890609 23.38167352
   20.5703353 ]]

 [[ 4.32827079  5.17393246  5.40567991 ...  4.4629464   3.92238239
    3.40216969]
  [ 5.31158147  6.11735612  6.61421979 ...  5.71299161  5.15253727
    4.29801991]
  [ 5.76366301  6.93119831  7.4832018  ...  6.74665274  6.21858643
    5.03134933]
  ...
  [ 4.83340969  6.29312584  7.46797124 ...  9.65690234  8.33944019
    6.31003059]
  [ 4.38117265  5.67376324  6.44980392 ...  8.45465107  7.45195418
    5.72707698]
  [ 3.57395925  4.6063382   5.04155551 ...  6.90297052  5.91200492
    4.89022107]]

 ...

 [[22.77694186 25.70520387 28.39252643 ... 25.39734555 22.71696906
   19.52391214]
  [26.02807918 29.34542515 32.30878202 ... 28.50407137 25.62872429
   22.13344832]
  [29.4528741  33.28680089 36.4872038  ... 32.24563761 28.90487499
   24.91130434]
  ...
  [24.22268695 27.95422863 31.06174403 ... 27.3305089  24.74406299
   21.90525603]
  [21.6338513  25.02645493 27.59621649 ... 23.98810814 21.76206704
   19.37317684]
  [18.20369697 21.22054586 23.39547705 ... 20.58645822 18.91372015
   16.80019905]]

 [[22.53509957 25.05310966 27.65937917 ... 24.69104286 21.9589352
   19.2182652 ]
  [25.68556439 28.67391063 31.68044099 ... 28.04108413 24.93250153
   21.66686878]
  [28.60851817 31.89726825 35.13321758 ... 31.49234308 28.1102801
   24.37480888]
  ...
  [28.23138578 31.76884725 35.38020795 ... 28.7285687  24.50579871
   21.24283323]
  [25.53434483 28.57420676 31.70280443 ... 25.40417595 21.54559949
   18.74647166]
  [22.83286396 25.49091594 28.08623525 ... 21.48620005 18.15780478
   15.71837998]]

 [[25.16269226 29.31970671 32.01519872 ... 34.1977686  30.11477228
   26.19765064]
  [28.52914054 32.83414869 35.91823626 ... 37.97066207 33.42563575
   29.28412698]
  [32.0075268  36.67551557 39.99884914 ... 40.89560059 36.03908212
   31.74713653]
  ...
  [34.79114521 39.41847145 43.60278557 ... 35.96703648 32.69744457
   28.73614527]
  [31.03680276 34.95883887 38.78393147 ... 31.96715217 28.84845273
   25.49726233]
  [27.5091761  31.11031663 34.29446295 ... 28.40615144 25.81889094
   22.63799519]]]
